10.26.60.119 - - [12/Apr/2021:08:33:07 +0700] "GET /map/favicon.ico HTTP/1.1" 404 185 "-" "Mozilla/5.0 (Windows NT 6.1) AppleWebKit/537.36 (KHTML, like Gecko) Chrome/66.0.3359.181 YaBrowser/18.6.1.770 Yowser/2.5 Safari/537.36"
172.19.112.5 - - [12/Apr/2021:08:33:31 +0700] "GET /map/index.php HTTP/1.1" 404 185 "-" "Mozilla/5.0 (Windows NT 6.1; Win64; x64) AppleWebKit/537.36 (KHTML, like Gecko) Chrome/89.0.4389.114 Safari/537.36"
172.19.112.5 - - [12/Apr/2021:08:33:31 +0700] "GET /favicon.ico HTTP/1.1" 404 185 "http://mrgis02.mrsks.local/map/index.php" "Mozilla/5.0 (Windows NT 6.1; Win64; x64) AppleWebKit/537.36 (KHTML, like Gecko) Chrome/89.0.4389.114 Safari/537.36"
127.0.0.1 - - [12/Apr/2021:08:33:35 +0700] "GET / HTTP/1.0" 200 11321 "-" "check_http/v2.2 (monitoring-plugins 2.2)"
10.26.60.119 - - [12/Apr/2021:08:34:07 +0700] "GET /map/favicon.ico HTTP/1.1" 404 185 "-" "Mozilla/5.0 (Windows NT 6.1) AppleWebKit/537.36 (KHTML, like Gecko) Chrome/66.0.3359.181 YaBrowser/18.6.1.770 Yowser/2.5 Safari/537.36"
172.19.139.130 - - [12/Apr/2021:08:34:16 +0700] "GET /icons/ubuntu-logo.png HTTP/1.1" 404 185 "-" "Mozilla/5.0 (Windows NT 6.1) AppleWebKit/537.36 (KHTML, like Gecko) Chrome/89.0.4389.114 Safari/537.36"
172.19.139.130 - - [12/Apr/2021:08:34:17 +0700] "GET /favicon.ico HTTP/1.1" 404 185 "-" "Mozilla/5.0 (Windows NT 6.1) AppleWebKit/537.36 (KHTML, like Gecko) Chrome/89.0.4389.114 Safari/537.36"
127.0.0.1 - - [12/Apr/2021:08:34:35 +0700] "GET / HTTP/1.0" 200 11321 "-" "check_http/v2.2 (monitoring-plugins 2.2)"
10.26.60.119 - - [12/Apr/2021:08:35:07 +0700] "GET /map/favicon.ico HTTP/1.1" 404 185 "-" "Mozilla/5.0 (Windows NT 6.1) AppleWebKit/537.36 (KHTML, like Gecko) Chrome/66.0.3359.181 YaBrowser/18.6.1.770 Yowser/2.5 Safari/537.36"
127.0.0.1 - - [12/Apr/2021:08:35:35 +0700] "GET / HTTP/1.0" 200 11321 "-" "check_http/v2.2 (monitoring-plugins 2.2)"
10.26.60.119 - - [12/Apr/2021:08:36:07 +0700] "GET /map/favicon.ico HTTP/1.1" 404 185 "-" "Mozilla/5.0 (Windows NT 6.1) AppleWebKit/537.36 (KHTML, like Gecko) Chrome/66.0.3359.181 YaBrowser/18.6.1.770 Yowser/2.5 Safari/537.36"
127.0.0.1 - - [12/Apr/2021:08:36:35 +0700] "GET / HTTP/1.0" 200 11321 "-" "check_http/v2.2 (monitoring-plugins 2.2)"
10.26.60.119 - - [12/Apr/2021:08:37:07 +0700] "GET /map/favicon.ico HTTP/1.1" 404 185 "-" "Mozilla/5.0 (Windows NT 6.1) AppleWebKit/537.36 (KHTML, like Gecko) Chrome/66.0.3359.181 YaBrowser/18.6.1.770 Yowser/2.5 Safari/537.36"
127.0.0.1 - - [12/Apr/2021:08:37:35 +0700] "GET / HTTP/1.0" 200 11321 "-" "check_http/v2.2 (monitoring-plugins 2.2)"
103.216.63.149 - - [12/Apr/2021:08:38:02 +0700] "POST /boaform/admin/formLogin HTTP/1.1" 404 124 "http://193.105.198.58:80/admin/login.asp" "Mozilla/5.0 (X11; Ubuntu; Linux x86_64; rv:71.0) Gecko/20100101 Firefox/71.0"
103.216.63.149 - - [12/Apr/2021:08:38:02 +0700] "" 400 0 "-" "-"
10.26.60.119 - - [12/Apr/2021:08:38:07 +0700] "GET /map/favicon.ico HTTP/1.1" 404 185 "-" "Mozilla/5.0 (Windows NT 6.1) AppleWebKit/537.36 (KHTML, like Gecko) Chrome/66.0.3359.181 YaBrowser/18.6.1.770 Yowser/2.5 Safari/537.36"
127.0.0.1 - - [12/Apr/2021:08:38:35 +0700] "GET / HTTP/1.0" 200 11321 "-" "check_http/v2.2 (monitoring-plugins 2.2)"
10.26.60.119 - - [12/Apr/2021:08:39:07 +0700] "GET /map/favicon.ico HTTP/1.1" 404 185 "-" "Mozilla/5.0 (Windows NT 6.1) AppleWebKit/537.36 (KHTML, like Gecko) Chrome/66.0.3359.181 YaBrowser/18.6.1.770 Yowser/2.5 Safari/537.36"
127.0.0.1 - - [12/Apr/2021:08:39:35 +0700] "GET / HTTP/1.0" 200 11321 "-" "check_http/v2.2 (monitoring-plugins 2.2)"
10.26.60.119 - - [12/Apr/2021:08:40:07 +0700] "GET /map/favicon.ico HTTP/1.1" 404 185 "-" "Mozilla/5.0 (Windows NT 6.1) AppleWebKit/537.36 (KHTML, like Gecko) Chrome/66.0.3359.181 YaBrowser/18.6.1.770 Yowser/2.5 Safari/537.36"
127.0.0.1 - - [12/Apr/2021:08:40:35 +0700] "GET / HTTP/1.0" 200 11321 "-" "check_http/v2.2 (monitoring-plugins 2.2)"
10.26.60.119 - - [12/Apr/2021:08:41:08 +0700] "GET /map/favicon.ico HTTP/1.1" 404 185 "-" "Mozilla/5.0 (Windows NT 6.1) AppleWebKit/537.36 (KHTML, like Gecko) Chrome/66.0.3359.181 YaBrowser/18.6.1.770 Yowser/2.5 Safari/537.36"
127.0.0.1 - - [12/Apr/2021:08:41:35 +0700] "GET / HTTP/1.0" 200 11321 "-" "check_http/v2.2 (monitoring-plugins 2.2)"
10.26.60.119 - - [12/Apr/2021:08:42:08 +0700] "GET /map/favicon.ico HTTP/1.1" 404 185 "-" "Mozilla/5.0 (Windows NT 6.1) AppleWebKit/537.36 (KHTML, like Gecko) Chrome/66.0.3359.181 YaBrowser/18.6.1.770 Yowser/2.5 Safari/537.36"
127.0.0.1 - - [12/Apr/2021:08:42:35 +0700] "GET / HTTP/1.0" 200 11321 "-" "check_http/v2.2 (monitoring-plugins 2.2)"
10.26.60.119 - - [12/Apr/2021:08:43:08 +0700] "GET /map/favicon.ico HTTP/1.1" 404 185 "-" "Mozilla/5.0 (Windows NT 6.1) AppleWebKit/537.36 (KHTML, like Gecko) Chrome/66.0.3359.181 YaBrowser/18.6.1.770 Yowser/2.5 Safari/537.36"
127.0.0.1 - - [12/Apr/2021:08:43:35 +0700] "GET / HTTP/1.0" 200 11321 "-" "check_http/v2.2 (monitoring-plugins 2.2)"
10.26.60.119 - - [12/Apr/2021:08:44:09 +0700] "GET /map/favicon.ico HTTP/1.1" 404 185 "-" "Mozilla/5.0 (Windows NT 6.1) AppleWebKit/537.36 (KHTML, like Gecko) Chrome/66.0.3359.181 YaBrowser/18.6.1.770 Yowser/2.5 Safari/537.36"
127.0.0.1 - - [12/Apr/2021:08:44:35 +0700] "GET / HTTP/1.0" 200 11321 "-" "check_http/v2.2 (monitoring-plugins 2.2)"
10.26.60.119 - - [12/Apr/2021:08:45:09 +0700] "GET /map/favicon.ico HTTP/1.1" 404 185 "-" "Mozilla/5.0 (Windows NT 6.1) AppleWebKit/537.36 (KHTML, like Gecko) Chrome/66.0.3359.181 YaBrowser/18.6.1.770 Yowser/2.5 Safari/537.36"
127.0.0.1 - - [12/Apr/2021:08:45:35 +0700] "GET / HTTP/1.0" 200 11321 "-" "check_http/v2.2 (monitoring-plugins 2.2)"
172.19.139.130 - - [12/Apr/2021:08:45:57 +0700] "GET /icons/ubuntu-logo.png HTTP/1.1" 404 185 "-" "Mozilla/5.0 (Windows NT 6.1) AppleWebKit/537.36 (KHTML, like Gecko) Chrome/89.0.4389.114 Safari/537.36"
172.19.139.130 - - [12/Apr/2021:08:45:59 +0700] "GET /favicon.ico HTTP/1.1" 404 185 "-" "Mozilla/5.0 (Windows NT 6.1) AppleWebKit/537.36 (KHTML, like Gecko) Chrome/89.0.4389.114 Safari/537.36"
10.26.60.119 - - [12/Apr/2021:08:46:10 +0700] "GET /map/favicon.ico HTTP/1.1" 404 185 "-" "Mozilla/5.0 (Windows NT 6.1) AppleWebKit/537.36 (KHTML, like Gecko) Chrome/66.0.3359.181 YaBrowser/18.6.1.770 Yowser/2.5 Safari/537.36"
127.0.0.1 - - [12/Apr/2021:08:46:35 +0700] "GET / HTTP/1.0" 200 11321 "-" "check_http/v2.2 (monitoring-plugins 2.2)"
10.26.60.119 - - [12/Apr/2021:08:47:11 +0700] "GET /map/favicon.ico HTTP/1.1" 404 185 "-" "Mozilla/5.0 (Windows NT 6.1) AppleWebKit/537.36 (KHTML, like Gecko) Chrome/66.0.3359.181 YaBrowser/18.6.1.770 Yowser/2.5 Safari/537.36"
127.0.0.1 - - [12/Apr/2021:08:47:35 +0700] "GET / HTTP/1.0" 200 11321 "-" "check_http/v2.2 (monitoring-plugins 2.2)"
10.26.60.119 - - [12/Apr/2021:08:48:12 +0700] "GET /map/favicon.ico HTTP/1.1" 404 185 "-" "Mozilla/5.0 (Windows NT 6.1) AppleWebKit/537.36 (KHTML, like Gecko) Chrome/66.0.3359.181 YaBrowser/18.6.1.770 Yowser/2.5 Safari/537.36"
127.0.0.1 - - [12/Apr/2021:08:48:35 +0700] "GET / HTTP/1.0" 200 11321 "-" "check_http/v2.2 (monitoring-plugins 2.2)"
10.26.60.119 - - [12/Apr/2021:08:49:12 +0700] "GET /map/favicon.ico HTTP/1.1" 404 185 "-" "Mozilla/5.0 (Windows NT 6.1) AppleWebKit/537.36 (KHTML, like Gecko) Chrome/66.0.3359.181 YaBrowser/18.6.1.770 Yowser/2.5 Safari/537.36"
127.0.0.1 - - [12/Apr/2021:08:49:35 +0700] "GET / HTTP/1.0" 200 11321 "-" "check_http/v2.2 (monitoring-plugins 2.2)"
10.26.60.119 - - [12/Apr/2021:08:50:13 +0700] "GET /map/favicon.ico HTTP/1.1" 404 185 "-" "Mozilla/5.0 (Windows NT 6.1) AppleWebKit/537.36 (KHTML, like Gecko) Chrome/66.0.3359.181 YaBrowser/18.6.1.770 Yowser/2.5 Safari/537.36"
127.0.0.1 - - [12/Apr/2021:08:50:35 +0700] "GET / HTTP/1.0" 200 11321 "-" "check_http/v2.2 (monitoring-plugins 2.2)"
10.26.60.119 - - [12/Apr/2021:08:51:13 +0700] "GET /map/favicon.ico HTTP/1.1" 404 185 "-" "Mozilla/5.0 (Windows NT 6.1) AppleWebKit/537.36 (KHTML, like Gecko) Chrome/66.0.3359.181 YaBrowser/18.6.1.770 Yowser/2.5 Safari/537.36"
127.0.0.1 - - [12/Apr/2021:08:51:35 +0700] "GET / HTTP/1.0" 200 11321 "-" "check_http/v2.2 (monitoring-plugins 2.2)"
10.26.60.119 - - [12/Apr/2021:08:52:13 +0700] "GET /map/favicon.ico HTTP/1.1" 404 185 "-" "Mozilla/5.0 (Windows NT 6.1) AppleWebKit/537.36 (KHTML, like Gecko) Chrome/66.0.3359.181 YaBrowser/18.6.1.770 Yowser/2.5 Safari/537.36"
127.0.0.1 - - [12/Apr/2021:08:52:35 +0700] "GET / HTTP/1.0" 200 11321 "-" "check_http/v2.2 (monitoring-plugins 2.2)"
10.26.60.119 - - [12/Apr/2021:08:53:13 +0700] "GET /map/favicon.ico HTTP/1.1" 404 185 "-" "Mozilla/5.0 (Windows NT 6.1) AppleWebKit/537.36 (KHTML, like Gecko) Chrome/66.0.3359.181 YaBrowser/18.6.1.770 Yowser/2.5 Safari/537.36"
127.0.0.1 - - [12/Apr/2021:08:53:35 +0700] "GET / HTTP/1.0" 200 11321 "-" "check_http/v2.2 (monitoring-plugins 2.2)"
10.26.60.119 - - [12/Apr/2021:08:54:13 +0700] "GET /map/favicon.ico HTTP/1.1" 404 185 "-" "Mozilla/5.0 (Windows NT 6.1) AppleWebKit/537.36 (KHTML, like Gecko) Chrome/66.0.3359.181 YaBrowser/18.6.1.770 Yowser/2.5 Safari/537.36"
127.0.0.1 - - [12/Apr/2021:08:54:35 +0700] "GET / HTTP/1.0" 200 11321 "-" "check_http/v2.2 (monitoring-plugins 2.2)"
10.26.60.119 - - [12/Apr/2021:08:55:14 +0700] "GET /map/favicon.ico HTTP/1.1" 404 185 "-" "Mozilla/5.0 (Windows NT 6.1) AppleWebKit/537.36 (KHTML, like Gecko) Chrome/66.0.3359.181 YaBrowser/18.6.1.770 Yowser/2.5 Safari/537.36"
127.0.0.1 - - [12/Apr/2021:08:55:35 +0700] "GET / HTTP/1.0" 200 11321 "-" "check_http/v2.2 (monitoring-plugins 2.2)"
10.26.60.119 - - [12/Apr/2021:08:56:14 +0700] "GET /map/favicon.ico HTTP/1.1" 404 185 "-" "Mozilla/5.0 (Windows NT 6.1) AppleWebKit/537.36 (KHTML, like Gecko) Chrome/66.0.3359.181 YaBrowser/18.6.1.770 Yowser/2.5 Safari/537.36"
127.0.0.1 - - [12/Apr/2021:08:56:35 +0700] "GET / HTTP/1.0" 200 11321 "-" "check_http/v2.2 (monitoring-plugins 2.2)"
172.19.112.5 - - [12/Apr/2021:08:56:40 +0700] "GET /map/index.php HTTP/1.1" 404 185 "-" "Mozilla/5.0 (Windows NT 6.1; Win64; x64) AppleWebKit/537.36 (KHTML, like Gecko) Chrome/89.0.4389.114 Safari/537.36"
172.19.112.5 - - [12/Apr/2021:08:56:41 +0700] "GET /favicon.ico HTTP/1.1" 404 185 "http://mrgis02.mrsks.local/map/index.php" "Mozilla/5.0 (Windows NT 6.1; Win64; x64) AppleWebKit/537.36 (KHTML, like Gecko) Chrome/89.0.4389.114 Safari/537.36"
10.26.60.119 - - [12/Apr/2021:08:57:14 +0700] "GET /map/favicon.ico HTTP/1.1" 404 185 "-" "Mozilla/5.0 (Windows NT 6.1) AppleWebKit/537.36 (KHTML, like Gecko) Chrome/66.0.3359.181 YaBrowser/18.6.1.770 Yowser/2.5 Safari/537.36"
127.0.0.1 - - [12/Apr/2021:08:57:35 +0700] "GET / HTTP/1.0" 200 11321 "-" "check_http/v2.2 (monitoring-plugins 2.2)"
10.26.60.119 - - [12/Apr/2021:08:58:15 +0700] "GET /map/favicon.ico HTTP/1.1" 404 185 "-" "Mozilla/5.0 (Windows NT 6.1) AppleWebKit/537.36 (KHTML, like Gecko) Chrome/66.0.3359.181 YaBrowser/18.6.1.770 Yowser/2.5 Safari/537.36"
172.19.112.3 - - [12/Apr/2021:08:58:20 +0700] "GET /map/index.php HTTP/1.1" 404 185 "-" "Mozilla/5.0 (Windows NT 6.1; Win64; x64) AppleWebKit/537.36 (KHTML, like Gecko) Chrome/89.0.4389.114 Safari/537.36"
172.19.112.3 - - [12/Apr/2021:08:58:20 +0700] "GET /favicon.ico HTTP/1.1" 404 185 "http://mrgis02.mrsks.local/map/index.php" "Mozilla/5.0 (Windows NT 6.1; Win64; x64) AppleWebKit/537.36 (KHTML, like Gecko) Chrome/89.0.4389.114 Safari/537.36"
172.19.112.3 - - [12/Apr/2021:08:58:29 +0700] "GET /map/index.php HTTP/1.1" 404 185 "-" "Mozilla/5.0 (Windows NT 6.1; Win64; x64) AppleWebKit/537.36 (KHTML, like Gecko) Chrome/89.0.4389.114 Safari/537.36"
172.23.150.122 - - [12/Apr/2021:08:58:30 +0700] "GET /map/login.php HTTP/1.1" 404 124 "-" "Mozilla/5.0 (Windows NT 6.1; Win64; x64; rv:70.0) Gecko/20100101 Firefox/70.0"
172.23.150.122 - - [12/Apr/2021:08:58:30 +0700] "GET /favicon.ico HTTP/1.1" 404 124 "-" "Mozilla/5.0 (Windows NT 6.1; Win64; x64; rv:70.0) Gecko/20100101 Firefox/70.0"
127.0.0.1 - - [12/Apr/2021:08:58:35 +0700] "GET / HTTP/1.0" 200 11321 "-" "check_http/v2.2 (monitoring-plugins 2.2)"
10.26.60.119 - - [12/Apr/2021:08:59:15 +0700] "GET /map/favicon.ico HTTP/1.1" 404 185 "-" "Mozilla/5.0 (Windows NT 6.1) AppleWebKit/537.36 (KHTML, like Gecko) Chrome/66.0.3359.181 YaBrowser/18.6.1.770 Yowser/2.5 Safari/537.36"
127.0.0.1 - - [12/Apr/2021:08:59:35 +0700] "GET / HTTP/1.0" 200 11321 "-" "check_http/v2.2 (monitoring-plugins 2.2)"
10.26.60.119 - - [12/Apr/2021:09:00:15 +0700] "GET /map/favicon.ico HTTP/1.1" 404 185 "-" "Mozilla/5.0 (Windows NT 6.1) AppleWebKit/537.36 (KHTML, like Gecko) Chrome/66.0.3359.181 YaBrowser/18.6.1.770 Yowser/2.5 Safari/537.36"
127.0.0.1 - - [12/Apr/2021:09:00:35 +0700] "GET / HTTP/1.0" 200 11321 "-" "check_http/v2.2 (monitoring-plugins 2.2)"
10.26.60.119 - - [12/Apr/2021:09:01:16 +0700] "GET /map/favicon.ico HTTP/1.1" 404 185 "-" "Mozilla/5.0 (Windows NT 6.1) AppleWebKit/537.36 (KHTML, like Gecko) Chrome/66.0.3359.181 YaBrowser/18.6.1.770 Yowser/2.5 Safari/537.36"
127.0.0.1 - - [12/Apr/2021:09:01:35 +0700] "GET / HTTP/1.0" 200 11321 "-" "check_http/v2.2 (monitoring-plugins 2.2)"
10.26.60.119 - - [12/Apr/2021:09:02:16 +0700] "GET /map/favicon.ico HTTP/1.1" 404 185 "-" "Mozilla/5.0 (Windows NT 6.1) AppleWebKit/537.36 (KHTML, like Gecko) Chrome/66.0.3359.181 YaBrowser/18.6.1.770 Yowser/2.5 Safari/537.36"
127.0.0.1 - - [12/Apr/2021:09:02:35 +0700] "GET / HTTP/1.0" 200 11321 "-" "check_http/v2.2 (monitoring-plugins 2.2)"
10.26.60.119 - - [12/Apr/2021:09:03:16 +0700] "GET /map/favicon.ico HTTP/1.1" 404 185 "-" "Mozilla/5.0 (Windows NT 6.1) AppleWebKit/537.36 (KHTML, like Gecko) Chrome/66.0.3359.181 YaBrowser/18.6.1.770 Yowser/2.5 Safari/537.36"
127.0.0.1 - - [12/Apr/2021:09:03:35 +0700] "GET / HTTP/1.0" 200 11321 "-" "check_http/v2.2 (monitoring-plugins 2.2)"
10.26.60.119 - - [12/Apr/2021:09:04:17 +0700] "GET /map/favicon.ico HTTP/1.1" 404 185 "-" "Mozilla/5.0 (Windows NT 6.1) AppleWebKit/537.36 (KHTML, like Gecko) Chrome/66.0.3359.181 YaBrowser/18.6.1.770 Yowser/2.5 Safari/537.36"
127.0.0.1 - - [12/Apr/2021:09:04:35 +0700] "GET / HTTP/1.0" 200 11321 "-" "check_http/v2.2 (monitoring-plugins 2.2)"
10.26.60.119 - - [12/Apr/2021:09:05:17 +0700] "GET /map/favicon.ico HTTP/1.1" 404 185 "-" "Mozilla/5.0 (Windows NT 6.1) AppleWebKit/537.36 (KHTML, like Gecko) Chrome/66.0.3359.181 YaBrowser/18.6.1.770 Yowser/2.5 Safari/537.36"
127.0.0.1 - - [12/Apr/2021:09:05:35 +0700] "GET / HTTP/1.0" 200 11321 "-" "check_http/v2.2 (monitoring-plugins 2.2)"
10.26.60.119 - - [12/Apr/2021:09:06:18 +0700] "GET /map/favicon.ico HTTP/1.1" 404 185 "-" "Mozilla/5.0 (Windows NT 6.1) AppleWebKit/537.36 (KHTML, like Gecko) Chrome/66.0.3359.181 YaBrowser/18.6.1.770 Yowser/2.5 Safari/537.36"
127.0.0.1 - - [12/Apr/2021:09:06:35 +0700] "GET / HTTP/1.0" 200 11321 "-" "check_http/v2.2 (monitoring-plugins 2.2)"
10.26.60.119 - - [12/Apr/2021:09:07:18 +0700] "GET /map/favicon.ico HTTP/1.1" 404 185 "-" "Mozilla/5.0 (Windows NT 6.1) AppleWebKit/537.36 (KHTML, like Gecko) Chrome/66.0.3359.181 YaBrowser/18.6.1.770 Yowser/2.5 Safari/537.36"
127.0.0.1 - - [12/Apr/2021:09:07:35 +0700] "GET / HTTP/1.0" 200 11321 "-" "check_http/v2.2 (monitoring-plugins 2.2)"
10.26.60.119 - - [12/Apr/2021:09:08:18 +0700] "GET /map/favicon.ico HTTP/1.1" 404 185 "-" "Mozilla/5.0 (Windows NT 6.1) AppleWebKit/537.36 (KHTML, like Gecko) Chrome/66.0.3359.181 YaBrowser/18.6.1.770 Yowser/2.5 Safari/537.36"
127.0.0.1 - - [12/Apr/2021:09:08:35 +0700] "GET / HTTP/1.0" 200 11321 "-" "check_http/v2.2 (monitoring-plugins 2.2)"
10.26.60.119 - - [12/Apr/2021:09:09:18 +0700] "GET /map/favicon.ico HTTP/1.1" 404 185 "-" "Mozilla/5.0 (Windows NT 6.1) AppleWebKit/537.36 (KHTML, like Gecko) Chrome/66.0.3359.181 YaBrowser/18.6.1.770 Yowser/2.5 Safari/537.36"
127.0.0.1 - - [12/Apr/2021:09:09:35 +0700] "GET / HTTP/1.0" 200 11321 "-" "check_http/v2.2 (monitoring-plugins 2.2)"
10.26.60.119 - - [12/Apr/2021:09:10:18 +0700] "GET /map/favicon.ico HTTP/1.1" 404 185 "-" "Mozilla/5.0 (Windows NT 6.1) AppleWebKit/537.36 (KHTML, like Gecko) Chrome/66.0.3359.181 YaBrowser/18.6.1.770 Yowser/2.5 Safari/537.36"
127.0.0.1 - - [12/Apr/2021:09:10:35 +0700] "GET / HTTP/1.0" 200 11321 "-" "check_http/v2.2 (monitoring-plugins 2.2)"
10.26.60.119 - - [12/Apr/2021:09:11:19 +0700] "GET /map/favicon.ico HTTP/1.1" 404 185 "-" "Mozilla/5.0 (Windows NT 6.1) AppleWebKit/537.36 (KHTML, like Gecko) Chrome/66.0.3359.181 YaBrowser/18.6.1.770 Yowser/2.5 Safari/537.36"
127.0.0.1 - - [12/Apr/2021:09:11:35 +0700] "GET / HTTP/1.0" 200 11321 "-" "check_http/v2.2 (monitoring-plugins 2.2)"
10.26.60.119 - - [12/Apr/2021:09:12:19 +0700] "GET /map/favicon.ico HTTP/1.1" 404 185 "-" "Mozilla/5.0 (Windows NT 6.1) AppleWebKit/537.36 (KHTML, like Gecko) Chrome/66.0.3359.181 YaBrowser/18.6.1.770 Yowser/2.5 Safari/537.36"
127.0.0.1 - - [12/Apr/2021:09:12:35 +0700] "GET / HTTP/1.0" 200 11321 "-" "check_http/v2.2 (monitoring-plugins 2.2)"
10.26.60.119 - - [12/Apr/2021:09:13:19 +0700] "GET /map/favicon.ico HTTP/1.1" 404 185 "-" "Mozilla/5.0 (Windows NT 6.1) AppleWebKit/537.36 (KHTML, like Gecko) Chrome/66.0.3359.181 YaBrowser/18.6.1.770 Yowser/2.5 Safari/537.36"
127.0.0.1 - - [12/Apr/2021:09:13:35 +0700] "GET / HTTP/1.0" 200 11321 "-" "check_http/v2.2 (monitoring-plugins 2.2)"
10.26.60.119 - - [12/Apr/2021:09:14:19 +0700] "GET /map/favicon.ico HTTP/1.1" 404 185 "-" "Mozilla/5.0 (Windows NT 6.1) AppleWebKit/537.36 (KHTML, like Gecko) Chrome/66.0.3359.181 YaBrowser/18.6.1.770 Yowser/2.5 Safari/537.36"
127.0.0.1 - - [12/Apr/2021:09:14:35 +0700] "GET / HTTP/1.0" 200 11321 "-" "check_http/v2.2 (monitoring-plugins 2.2)"
10.26.60.119 - - [12/Apr/2021:09:15:19 +0700] "GET /map/favicon.ico HTTP/1.1" 404 185 "-" "Mozilla/5.0 (Windows NT 6.1) AppleWebKit/537.36 (KHTML, like Gecko) Chrome/66.0.3359.181 YaBrowser/18.6.1.770 Yowser/2.5 Safari/537.36"
127.0.0.1 - - [12/Apr/2021:09:15:35 +0700] "GET / HTTP/1.0" 200 11321 "-" "check_http/v2.2 (monitoring-plugins 2.2)"
172.26.14.71 - - [12/Apr/2021:09:15:55 +0700] "GET /map/login.php HTTP/1.1" 404 124 "-" "Mozilla/5.0 (Windows NT 6.1; rv:87.0) Gecko/20100101 Firefox/87.0"
172.26.14.71 - - [12/Apr/2021:09:15:57 +0700] "GET /favicon.ico HTTP/1.1" 404 124 "http://mrgis02.mrsks.local/map/login.php" "Mozilla/5.0 (Windows NT 6.1; rv:87.0) Gecko/20100101 Firefox/87.0"
10.26.60.119 - - [12/Apr/2021:09:16:20 +0700] "GET /map/favicon.ico HTTP/1.1" 404 185 "-" "Mozilla/5.0 (Windows NT 6.1) AppleWebKit/537.36 (KHTML, like Gecko) Chrome/66.0.3359.181 YaBrowser/18.6.1.770 Yowser/2.5 Safari/537.36"
127.0.0.1 - - [12/Apr/2021:09:16:35 +0700] "GET / HTTP/1.0" 200 11321 "-" "check_http/v2.2 (monitoring-plugins 2.2)"
10.26.60.119 - - [12/Apr/2021:09:17:20 +0700] "GET /map/favicon.ico HTTP/1.1" 404 185 "-" "Mozilla/5.0 (Windows NT 6.1) AppleWebKit/537.36 (KHTML, like Gecko) Chrome/66.0.3359.181 YaBrowser/18.6.1.770 Yowser/2.5 Safari/537.36"
127.0.0.1 - - [12/Apr/2021:09:17:35 +0700] "GET / HTTP/1.0" 200 11321 "-" "check_http/v2.2 (monitoring-plugins 2.2)"
10.26.60.119 - - [12/Apr/2021:09:18:20 +0700] "GET /map/favicon.ico HTTP/1.1" 404 185 "-" "Mozilla/5.0 (Windows NT 6.1) AppleWebKit/537.36 (KHTML, like Gecko) Chrome/66.0.3359.181 YaBrowser/18.6.1.770 Yowser/2.5 Safari/537.36"
127.0.0.1 - - [12/Apr/2021:09:18:35 +0700] "GET / HTTP/1.0" 200 11321 "-" "check_http/v2.2 (monitoring-plugins 2.2)"
10.26.60.119 - - [12/Apr/2021:09:19:20 +0700] "GET /map/favicon.ico HTTP/1.1" 404 185 "-" "Mozilla/5.0 (Windows NT 6.1) AppleWebKit/537.36 (KHTML, like Gecko) Chrome/66.0.3359.181 YaBrowser/18.6.1.770 Yowser/2.5 Safari/537.36"
127.0.0.1 - - [12/Apr/2021:09:19:35 +0700] "GET / HTTP/1.0" 200 11321 "-" "check_http/v2.2 (monitoring-plugins 2.2)"
10.26.60.119 - - [12/Apr/2021:09:20:21 +0700] "GET /map/favicon.ico HTTP/1.1" 404 185 "-" "Mozilla/5.0 (Windows NT 6.1) AppleWebKit/537.36 (KHTML, like Gecko) Chrome/66.0.3359.181 YaBrowser/18.6.1.770 Yowser/2.5 Safari/537.36"
127.0.0.1 - - [12/Apr/2021:09:20:35 +0700] "GET / HTTP/1.0" 200 11321 "-" "check_http/v2.2 (monitoring-plugins 2.2)"
10.26.60.119 - - [12/Apr/2021:09:21:21 +0700] "GET /map/favicon.ico HTTP/1.1" 404 185 "-" "Mozilla/5.0 (Windows NT 6.1) AppleWebKit/537.36 (KHTML, like Gecko) Chrome/66.0.3359.181 YaBrowser/18.6.1.770 Yowser/2.5 Safari/537.36"
127.0.0.1 - - [12/Apr/2021:09:21:35 +0700] "GET / HTTP/1.0" 200 11321 "-" "check_http/v2.2 (monitoring-plugins 2.2)"
10.26.60.119 - - [12/Apr/2021:09:22:22 +0700] "GET /map/favicon.ico HTTP/1.1" 404 185 "-" "Mozilla/5.0 (Windows NT 6.1) AppleWebKit/537.36 (KHTML, like Gecko) Chrome/66.0.3359.181 YaBrowser/18.6.1.770 Yowser/2.5 Safari/537.36"
127.0.0.1 - - [12/Apr/2021:09:22:35 +0700] "GET / HTTP/1.0" 200 11321 "-" "check_http/v2.2 (monitoring-plugins 2.2)"
10.26.60.119 - - [12/Apr/2021:09:23:22 +0700] "GET /map/favicon.ico HTTP/1.1" 404 185 "-" "Mozilla/5.0 (Windows NT 6.1) AppleWebKit/537.36 (KHTML, like Gecko) Chrome/66.0.3359.181 YaBrowser/18.6.1.770 Yowser/2.5 Safari/537.36"
127.0.0.1 - - [12/Apr/2021:09:23:35 +0700] "GET / HTTP/1.0" 200 11321 "-" "check_http/v2.2 (monitoring-plugins 2.2)"
10.26.60.119 - - [12/Apr/2021:09:24:22 +0700] "GET /map/favicon.ico HTTP/1.1" 404 185 "-" "Mozilla/5.0 (Windows NT 6.1) AppleWebKit/537.36 (KHTML, like Gecko) Chrome/66.0.3359.181 YaBrowser/18.6.1.770 Yowser/2.5 Safari/537.36"
127.0.0.1 - - [12/Apr/2021:09:24:35 +0700] "GET / HTTP/1.0" 200 11321 "-" "check_http/v2.2 (monitoring-plugins 2.2)"
10.26.60.119 - - [12/Apr/2021:09:25:23 +0700] "GET /map/favicon.ico HTTP/1.1" 404 185 "-" "Mozilla/5.0 (Windows NT 6.1) AppleWebKit/537.36 (KHTML, like Gecko) Chrome/66.0.3359.181 YaBrowser/18.6.1.770 Yowser/2.5 Safari/537.36"
127.0.0.1 - - [12/Apr/2021:09:25:35 +0700] "GET / HTTP/1.0" 200 11321 "-" "check_http/v2.2 (monitoring-plugins 2.2)"
10.26.7.12 - - [12/Apr/2021:09:25:41 +0700] "GET /favicon.ico HTTP/1.1" 404 185 "-" "Mozilla/5.0 (Windows NT 6.1; WOW64) AppleWebKit/537.36 (KHTML, like Gecko) Chrome/60.0.3112.113 YaBrowser/17.9.1.768 Yowser/2.5 Safari/537.36"
10.26.60.119 - - [12/Apr/2021:09:26:23 +0700] "GET /map/favicon.ico HTTP/1.1" 404 185 "-" "Mozilla/5.0 (Windows NT 6.1) AppleWebKit/537.36 (KHTML, like Gecko) Chrome/66.0.3359.181 YaBrowser/18.6.1.770 Yowser/2.5 Safari/537.36"
127.0.0.1 - - [12/Apr/2021:09:26:35 +0700] "GET / HTTP/1.0" 200 11321 "-" "check_http/v2.2 (monitoring-plugins 2.2)"
10.26.60.119 - - [12/Apr/2021:09:27:23 +0700] "GET /map/favicon.ico HTTP/1.1" 404 185 "-" "Mozilla/5.0 (Windows NT 6.1) AppleWebKit/537.36 (KHTML, like Gecko) Chrome/66.0.3359.181 YaBrowser/18.6.1.770 Yowser/2.5 Safari/537.36"
127.0.0.1 - - [12/Apr/2021:09:27:35 +0700] "GET / HTTP/1.0" 200 11321 "-" "check_http/v2.2 (monitoring-plugins 2.2)"
10.26.60.119 - - [12/Apr/2021:09:28:22 +0700] "GET /map/favicon.ico HTTP/1.1" 404 185 "-" "Mozilla/5.0 (Windows NT 6.1) AppleWebKit/537.36 (KHTML, like Gecko) Chrome/66.0.3359.181 YaBrowser/18.6.1.770 Yowser/2.5 Safari/537.36"
127.0.0.1 - - [12/Apr/2021:09:28:35 +0700] "GET / HTTP/1.0" 200 11321 "-" "check_http/v2.2 (monitoring-plugins 2.2)"
10.26.60.119 - - [12/Apr/2021:09:29:23 +0700] "GET /map/favicon.ico HTTP/1.1" 404 185 "-" "Mozilla/5.0 (Windows NT 6.1) AppleWebKit/537.36 (KHTML, like Gecko) Chrome/66.0.3359.181 YaBrowser/18.6.1.770 Yowser/2.5 Safari/537.36"
127.0.0.1 - - [12/Apr/2021:09:29:35 +0700] "GET / HTTP/1.0" 200 11321 "-" "check_http/v2.2 (monitoring-plugins 2.2)"
10.26.60.119 - - [12/Apr/2021:09:30:23 +0700] "GET /map/favicon.ico HTTP/1.1" 404 185 "-" "Mozilla/5.0 (Windows NT 6.1) AppleWebKit/537.36 (KHTML, like Gecko) Chrome/66.0.3359.181 YaBrowser/18.6.1.770 Yowser/2.5 Safari/537.36"
127.0.0.1 - - [12/Apr/2021:09:30:35 +0700] "GET / HTTP/1.0" 200 11321 "-" "check_http/v2.2 (monitoring-plugins 2.2)"
172.19.149.143 - - [12/Apr/2021:09:30:55 +0700] "GET /favicon.ico HTTP/1.1" 404 185 "-" "Mozilla/5.0 (Windows NT 6.1) AppleWebKit/537.36 (KHTML, like Gecko) Chrome/89.0.4389.86 YaBrowser/21.3.1.81 Yowser/2.5 Safari/537.36"
10.26.60.119 - - [12/Apr/2021:09:31:24 +0700] "GET /map/favicon.ico HTTP/1.1" 404 185 "-" "Mozilla/5.0 (Windows NT 6.1) AppleWebKit/537.36 (KHTML, like Gecko) Chrome/66.0.3359.181 YaBrowser/18.6.1.770 Yowser/2.5 Safari/537.36"
127.0.0.1 - - [12/Apr/2021:09:31:35 +0700] "GET / HTTP/1.0" 200 11321 "-" "check_http/v2.2 (monitoring-plugins 2.2)"
10.26.60.119 - - [12/Apr/2021:09:32:24 +0700] "GET /map/favicon.ico HTTP/1.1" 404 185 "-" "Mozilla/5.0 (Windows NT 6.1) AppleWebKit/537.36 (KHTML, like Gecko) Chrome/66.0.3359.181 YaBrowser/18.6.1.770 Yowser/2.5 Safari/537.36"
127.0.0.1 - - [12/Apr/2021:09:32:35 +0700] "GET / HTTP/1.0" 200 11321 "-" "check_http/v2.2 (monitoring-plugins 2.2)"
10.26.60.119 - - [12/Apr/2021:09:33:24 +0700] "GET /map/favicon.ico HTTP/1.1" 404 185 "-" "Mozilla/5.0 (Windows NT 6.1) AppleWebKit/537.36 (KHTML, like Gecko) Chrome/66.0.3359.181 YaBrowser/18.6.1.770 Yowser/2.5 Safari/537.36"
127.0.0.1 - - [12/Apr/2021:09:33:35 +0700] "GET / HTTP/1.0" 200 11321 "-" "check_http/v2.2 (monitoring-plugins 2.2)"
172.19.132.11 - - [12/Apr/2021:09:34:13 +0700] "GET /index HTTP/1.1" 404 185 "-" "Mozilla/5.0 (Windows NT 6.1) AppleWebKit/537.36 (KHTML, like Gecko) Chrome/89.0.4389.114 Safari/537.36"
172.19.132.11 - - [12/Apr/2021:09:34:13 +0700] "GET /favicon.ico HTTP/1.1" 404 185 "http://mrgis02.mrsks.local/index" "Mozilla/5.0 (Windows NT 6.1) AppleWebKit/537.36 (KHTML, like Gecko) Chrome/89.0.4389.114 Safari/537.36"
10.26.60.119 - - [12/Apr/2021:09:34:25 +0700] "GET /map/favicon.ico HTTP/1.1" 404 185 "-" "Mozilla/5.0 (Windows NT 6.1) AppleWebKit/537.36 (KHTML, like Gecko) Chrome/66.0.3359.181 YaBrowser/18.6.1.770 Yowser/2.5 Safari/537.36"
127.0.0.1 - - [12/Apr/2021:09:34:35 +0700] "GET / HTTP/1.0" 200 11321 "-" "check_http/v2.2 (monitoring-plugins 2.2)"
10.26.60.119 - - [12/Apr/2021:09:35:25 +0700] "GET /map/favicon.ico HTTP/1.1" 404 185 "-" "Mozilla/5.0 (Windows NT 6.1) AppleWebKit/537.36 (KHTML, like Gecko) Chrome/66.0.3359.181 YaBrowser/18.6.1.770 Yowser/2.5 Safari/537.36"
127.0.0.1 - - [12/Apr/2021:09:35:35 +0700] "GET / HTTP/1.0" 200 11321 "-" "check_http/v2.2 (monitoring-plugins 2.2)"
10.26.60.119 - - [12/Apr/2021:09:36:26 +0700] "GET /map/favicon.ico HTTP/1.1" 404 185 "-" "Mozilla/5.0 (Windows NT 6.1) AppleWebKit/537.36 (KHTML, like Gecko) Chrome/66.0.3359.181 YaBrowser/18.6.1.770 Yowser/2.5 Safari/537.36"
127.0.0.1 - - [12/Apr/2021:09:36:35 +0700] "GET / HTTP/1.0" 200 11321 "-" "check_http/v2.2 (monitoring-plugins 2.2)"
10.26.60.119 - - [12/Apr/2021:09:37:26 +0700] "GET /map/favicon.ico HTTP/1.1" 404 185 "-" "Mozilla/5.0 (Windows NT 6.1) AppleWebKit/537.36 (KHTML, like Gecko) Chrome/66.0.3359.181 YaBrowser/18.6.1.770 Yowser/2.5 Safari/537.36"
127.0.0.1 - - [12/Apr/2021:09:37:35 +0700] "GET / HTTP/1.0" 200 11321 "-" "check_http/v2.2 (monitoring-plugins 2.2)"
10.26.60.119 - - [12/Apr/2021:09:38:27 +0700] "GET /map/favicon.ico HTTP/1.1" 404 185 "-" "Mozilla/5.0 (Windows NT 6.1) AppleWebKit/537.36 (KHTML, like Gecko) Chrome/66.0.3359.181 YaBrowser/18.6.1.770 Yowser/2.5 Safari/537.36"
127.0.0.1 - - [12/Apr/2021:09:38:35 +0700] "GET / HTTP/1.0" 200 11321 "-" "check_http/v2.2 (monitoring-plugins 2.2)"
10.26.60.119 - - [12/Apr/2021:09:39:27 +0700] "GET /map/favicon.ico HTTP/1.1" 404 185 "-" "Mozilla/5.0 (Windows NT 6.1) AppleWebKit/537.36 (KHTML, like Gecko) Chrome/66.0.3359.181 YaBrowser/18.6.1.770 Yowser/2.5 Safari/537.36"
127.0.0.1 - - [12/Apr/2021:09:39:35 +0700] "GET / HTTP/1.0" 200 11321 "-" "check_http/v2.2 (monitoring-plugins 2.2)"
10.26.60.119 - - [12/Apr/2021:09:40:27 +0700] "GET /map/favicon.ico HTTP/1.1" 404 185 "-" "Mozilla/5.0 (Windows NT 6.1) AppleWebKit/537.36 (KHTML, like Gecko) Chrome/66.0.3359.181 YaBrowser/18.6.1.770 Yowser/2.5 Safari/537.36"
127.0.0.1 - - [12/Apr/2021:09:40:35 +0700] "GET / HTTP/1.0" 200 11321 "-" "check_http/v2.2 (monitoring-plugins 2.2)"
10.26.60.119 - - [12/Apr/2021:09:41:28 +0700] "GET /map/favicon.ico HTTP/1.1" 404 185 "-" "Mozilla/5.0 (Windows NT 6.1) AppleWebKit/537.36 (KHTML, like Gecko) Chrome/66.0.3359.181 YaBrowser/18.6.1.770 Yowser/2.5 Safari/537.36"
127.0.0.1 - - [12/Apr/2021:09:41:35 +0700] "GET / HTTP/1.0" 200 11321 "-" "check_http/v2.2 (monitoring-plugins 2.2)"
10.26.60.119 - - [12/Apr/2021:09:42:29 +0700] "GET /map/favicon.ico HTTP/1.1" 404 185 "-" "Mozilla/5.0 (Windows NT 6.1) AppleWebKit/537.36 (KHTML, like Gecko) Chrome/66.0.3359.181 YaBrowser/18.6.1.770 Yowser/2.5 Safari/537.36"
127.0.0.1 - - [12/Apr/2021:09:42:35 +0700] "GET / HTTP/1.0" 200 11321 "-" "check_http/v2.2 (monitoring-plugins 2.2)"
10.26.60.119 - - [12/Apr/2021:09:43:29 +0700] "GET /map/favicon.ico HTTP/1.1" 404 185 "-" "Mozilla/5.0 (Windows NT 6.1) AppleWebKit/537.36 (KHTML, like Gecko) Chrome/66.0.3359.181 YaBrowser/18.6.1.770 Yowser/2.5 Safari/537.36"
127.0.0.1 - - [12/Apr/2021:09:43:35 +0700] "GET / HTTP/1.0" 200 11321 "-" "check_http/v2.2 (monitoring-plugins 2.2)"
10.26.60.119 - - [12/Apr/2021:09:44:30 +0700] "GET /map/favicon.ico HTTP/1.1" 404 185 "-" "Mozilla/5.0 (Windows NT 6.1) AppleWebKit/537.36 (KHTML, like Gecko) Chrome/66.0.3359.181 YaBrowser/18.6.1.770 Yowser/2.5 Safari/537.36"
127.0.0.1 - - [12/Apr/2021:09:44:35 +0700] "GET / HTTP/1.0" 200 11321 "-" "check_http/v2.2 (monitoring-plugins 2.2)"
10.26.60.119 - - [12/Apr/2021:09:45:30 +0700] "GET /map/favicon.ico HTTP/1.1" 404 185 "-" "Mozilla/5.0 (Windows NT 6.1) AppleWebKit/537.36 (KHTML, like Gecko) Chrome/66.0.3359.181 YaBrowser/18.6.1.770 Yowser/2.5 Safari/537.36"
127.0.0.1 - - [12/Apr/2021:09:45:35 +0700] "GET / HTTP/1.0" 200 11321 "-" "check_http/v2.2 (monitoring-plugins 2.2)"
10.26.60.119 - - [12/Apr/2021:09:46:31 +0700] "GET /map/favicon.ico HTTP/1.1" 404 185 "-" "Mozilla/5.0 (Windows NT 6.1) AppleWebKit/537.36 (KHTML, like Gecko) Chrome/66.0.3359.181 YaBrowser/18.6.1.770 Yowser/2.5 Safari/537.36"
127.0.0.1 - - [12/Apr/2021:09:46:35 +0700] "GET / HTTP/1.0" 200 11321 "-" "check_http/v2.2 (monitoring-plugins 2.2)"
192.241.206.16 - - [12/Apr/2021:09:46:46 +0700] "\x16\x03\x01\x00\x8C\x01\x00\x00\x88\x03\x03\xA2\xF4\x12l\xAC*uc\xBB\xFC\xE5\xA5\x1Bbd\x13\xC5\xDC\xFE\x15d\xE3{\x1D\xE73\x9D\x17N\x9A\xC8\x8C\x00\x00\x1A\xC0/\xC0+\xC0\x11\xC0\x07\xC0\x13\xC0\x09\xC0\x14\xC0" 400 157 "-" "-"
10.26.60.119 - - [12/Apr/2021:09:47:31 +0700] "GET /map/favicon.ico HTTP/1.1" 404 185 "-" "Mozilla/5.0 (Windows NT 6.1) AppleWebKit/537.36 (KHTML, like Gecko) Chrome/66.0.3359.181 YaBrowser/18.6.1.770 Yowser/2.5 Safari/537.36"
127.0.0.1 - - [12/Apr/2021:09:47:35 +0700] "GET / HTTP/1.0" 200 11321 "-" "check_http/v2.2 (monitoring-plugins 2.2)"
10.26.60.119 - - [12/Apr/2021:09:48:31 +0700] "GET /map/favicon.ico HTTP/1.1" 404 185 "-" "Mozilla/5.0 (Windows NT 6.1) AppleWebKit/537.36 (KHTML, like Gecko) Chrome/66.0.3359.181 YaBrowser/18.6.1.770 Yowser/2.5 Safari/537.36"
127.0.0.1 - - [12/Apr/2021:09:48:35 +0700] "GET / HTTP/1.0" 200 11321 "-" "check_http/v2.2 (monitoring-plugins 2.2)"
10.26.60.119 - - [12/Apr/2021:09:49:32 +0700] "GET /map/favicon.ico HTTP/1.1" 404 185 "-" "Mozilla/5.0 (Windows NT 6.1) AppleWebKit/537.36 (KHTML, like Gecko) Chrome/66.0.3359.181 YaBrowser/18.6.1.770 Yowser/2.5 Safari/537.36"
127.0.0.1 - - [12/Apr/2021:09:49:35 +0700] "GET / HTTP/1.0" 200 11321 "-" "check_http/v2.2 (monitoring-plugins 2.2)"
10.26.60.119 - - [12/Apr/2021:09:50:33 +0700] "GET /map/favicon.ico HTTP/1.1" 404 185 "-" "Mozilla/5.0 (Windows NT 6.1) AppleWebKit/537.36 (KHTML, like Gecko) Chrome/66.0.3359.181 YaBrowser/18.6.1.770 Yowser/2.5 Safari/537.36"
127.0.0.1 - - [12/Apr/2021:09:50:35 +0700] "GET / HTTP/1.0" 200 11321 "-" "check_http/v2.2 (monitoring-plugins 2.2)"
66.249.68.76 - - [12/Apr/2021:09:50:48 +0700] "GET /favicon.ico HTTP/1.1" 404 124 "-" "Googlebot-Image/1.0"
172.26.77.97 - - [12/Apr/2021:09:51:19 +0700] "GET /map/index.php HTTP/1.1" 404 124 "-" "Mozilla/5.0 (Windows NT 6.1; rv:79.0) Gecko/20100101 Firefox/79.0"
10.26.60.119 - - [12/Apr/2021:09:51:33 +0700] "GET /map/favicon.ico HTTP/1.1" 404 185 "-" "Mozilla/5.0 (Windows NT 6.1) AppleWebKit/537.36 (KHTML, like Gecko) Chrome/66.0.3359.181 YaBrowser/18.6.1.770 Yowser/2.5 Safari/537.36"
127.0.0.1 - - [12/Apr/2021:09:51:35 +0700] "GET / HTTP/1.0" 200 11321 "-" "check_http/v2.2 (monitoring-plugins 2.2)"
10.26.60.119 - - [12/Apr/2021:09:52:33 +0700] "GET /map/favicon.ico HTTP/1.1" 404 185 "-" "Mozilla/5.0 (Windows NT 6.1) AppleWebKit/537.36 (KHTML, like Gecko) Chrome/66.0.3359.181 YaBrowser/18.6.1.770 Yowser/2.5 Safari/537.36"
127.0.0.1 - - [12/Apr/2021:09:52:35 +0700] "GET / HTTP/1.0" 200 11321 "-" "check_http/v2.2 (monitoring-plugins 2.2)"
10.26.60.119 - - [12/Apr/2021:09:53:34 +0700] "GET /map/favicon.ico HTTP/1.1" 404 185 "-" "Mozilla/5.0 (Windows NT 6.1) AppleWebKit/537.36 (KHTML, like Gecko) Chrome/66.0.3359.181 YaBrowser/18.6.1.770 Yowser/2.5 Safari/537.36"
127.0.0.1 - - [12/Apr/2021:09:53:35 +0700] "GET / HTTP/1.0" 200 11321 "-" "check_http/v2.2 (monitoring-plugins 2.2)"
10.26.60.119 - - [12/Apr/2021:09:54:34 +0700] "GET /map/favicon.ico HTTP/1.1" 404 185 "-" "Mozilla/5.0 (Windows NT 6.1) AppleWebKit/537.36 (KHTML, like Gecko) Chrome/66.0.3359.181 YaBrowser/18.6.1.770 Yowser/2.5 Safari/537.36"
127.0.0.1 - - [12/Apr/2021:09:54:35 +0700] "GET / HTTP/1.0" 200 11321 "-" "check_http/v2.2 (monitoring-plugins 2.2)"
127.0.0.1 - - [12/Apr/2021:09:55:35 +0700] "GET / HTTP/1.0" 200 11321 "-" "check_http/v2.2 (monitoring-plugins 2.2)"
10.26.60.119 - - [12/Apr/2021:09:55:35 +0700] "GET /map/favicon.ico HTTP/1.1" 404 185 "-" "Mozilla/5.0 (Windows NT 6.1) AppleWebKit/537.36 (KHTML, like Gecko) Chrome/66.0.3359.181 YaBrowser/18.6.1.770 Yowser/2.5 Safari/537.36"
127.0.0.1 - - [12/Apr/2021:09:56:35 +0700] "GET / HTTP/1.0" 200 11321 "-" "check_http/v2.2 (monitoring-plugins 2.2)"
10.26.60.119 - - [12/Apr/2021:09:56:35 +0700] "GET /map/favicon.ico HTTP/1.1" 404 185 "-" "Mozilla/5.0 (Windows NT 6.1) AppleWebKit/537.36 (KHTML, like Gecko) Chrome/66.0.3359.181 YaBrowser/18.6.1.770 Yowser/2.5 Safari/537.36"
127.0.0.1 - - [12/Apr/2021:09:57:35 +0700] "GET / HTTP/1.0" 200 11321 "-" "check_http/v2.2 (monitoring-plugins 2.2)"
10.26.60.119 - - [12/Apr/2021:09:57:35 +0700] "GET /map/favicon.ico HTTP/1.1" 404 185 "-" "Mozilla/5.0 (Windows NT 6.1) AppleWebKit/537.36 (KHTML, like Gecko) Chrome/66.0.3359.181 YaBrowser/18.6.1.770 Yowser/2.5 Safari/537.36"
127.0.0.1 - - [12/Apr/2021:09:58:35 +0700] "GET / HTTP/1.0" 200 11321 "-" "check_http/v2.2 (monitoring-plugins 2.2)"
10.26.60.119 - - [12/Apr/2021:09:58:36 +0700] "GET /map/favicon.ico HTTP/1.1" 404 185 "-" "Mozilla/5.0 (Windows NT 6.1) AppleWebKit/537.36 (KHTML, like Gecko) Chrome/66.0.3359.181 YaBrowser/18.6.1.770 Yowser/2.5 Safari/537.36"
127.0.0.1 - - [12/Apr/2021:09:59:35 +0700] "GET / HTTP/1.0" 200 11321 "-" "check_http/v2.2 (monitoring-plugins 2.2)"
10.26.60.119 - - [12/Apr/2021:09:59:36 +0700] "GET /map/favicon.ico HTTP/1.1" 404 185 "-" "Mozilla/5.0 (Windows NT 6.1) AppleWebKit/537.36 (KHTML, like Gecko) Chrome/66.0.3359.181 YaBrowser/18.6.1.770 Yowser/2.5 Safari/537.36"
127.0.0.1 - - [12/Apr/2021:10:00:35 +0700] "GET / HTTP/1.0" 200 11321 "-" "check_http/v2.2 (monitoring-plugins 2.2)"
10.26.60.119 - - [12/Apr/2021:10:00:37 +0700] "GET /map/favicon.ico HTTP/1.1" 404 185 "-" "Mozilla/5.0 (Windows NT 6.1) AppleWebKit/537.36 (KHTML, like Gecko) Chrome/66.0.3359.181 YaBrowser/18.6.1.770 Yowser/2.5 Safari/537.36"
127.0.0.1 - - [12/Apr/2021:10:01:35 +0700] "GET / HTTP/1.0" 200 11321 "-" "check_http/v2.2 (monitoring-plugins 2.2)"
10.26.60.119 - - [12/Apr/2021:10:01:37 +0700] "GET /map/favicon.ico HTTP/1.1" 404 185 "-" "Mozilla/5.0 (Windows NT 6.1) AppleWebKit/537.36 (KHTML, like Gecko) Chrome/66.0.3359.181 YaBrowser/18.6.1.770 Yowser/2.5 Safari/537.36"
127.0.0.1 - - [12/Apr/2021:10:02:35 +0700] "GET / HTTP/1.0" 200 11321 "-" "check_http/v2.2 (monitoring-plugins 2.2)"
10.26.60.119 - - [12/Apr/2021:10:02:38 +0700] "GET /map/favicon.ico HTTP/1.1" 404 185 "-" "Mozilla/5.0 (Windows NT 6.1) AppleWebKit/537.36 (KHTML, like Gecko) Chrome/66.0.3359.181 YaBrowser/18.6.1.770 Yowser/2.5 Safari/537.36"
127.0.0.1 - - [12/Apr/2021:10:03:35 +0700] "GET / HTTP/1.0" 200 11321 "-" "check_http/v2.2 (monitoring-plugins 2.2)"
10.26.60.119 - - [12/Apr/2021:10:03:38 +0700] "GET /map/favicon.ico HTTP/1.1" 404 185 "-" "Mozilla/5.0 (Windows NT 6.1) AppleWebKit/537.36 (KHTML, like Gecko) Chrome/66.0.3359.181 YaBrowser/18.6.1.770 Yowser/2.5 Safari/537.36"
127.0.0.1 - - [12/Apr/2021:10:04:35 +0700] "GET / HTTP/1.0" 200 11321 "-" "check_http/v2.2 (monitoring-plugins 2.2)"
10.26.60.119 - - [12/Apr/2021:10:04:38 +0700] "GET /map/favicon.ico HTTP/1.1" 404 185 "-" "Mozilla/5.0 (Windows NT 6.1) AppleWebKit/537.36 (KHTML, like Gecko) Chrome/66.0.3359.181 YaBrowser/18.6.1.770 Yowser/2.5 Safari/537.36"
127.0.0.1 - - [12/Apr/2021:10:05:35 +0700] "GET / HTTP/1.0" 200 11321 "-" "check_http/v2.2 (monitoring-plugins 2.2)"
10.26.60.119 - - [12/Apr/2021:10:05:39 +0700] "GET /map/favicon.ico HTTP/1.1" 404 185 "-" "Mozilla/5.0 (Windows NT 6.1) AppleWebKit/537.36 (KHTML, like Gecko) Chrome/66.0.3359.181 YaBrowser/18.6.1.770 Yowser/2.5 Safari/537.36"
127.0.0.1 - - [12/Apr/2021:10:06:35 +0700] "GET / HTTP/1.0" 200 11321 "-" "check_http/v2.2 (monitoring-plugins 2.2)"
10.26.60.119 - - [12/Apr/2021:10:06:39 +0700] "GET /map/favicon.ico HTTP/1.1" 404 185 "-" "Mozilla/5.0 (Windows NT 6.1) AppleWebKit/537.36 (KHTML, like Gecko) Chrome/66.0.3359.181 YaBrowser/18.6.1.770 Yowser/2.5 Safari/537.36"
127.0.0.1 - - [12/Apr/2021:10:07:35 +0700] "GET / HTTP/1.0" 200 11321 "-" "check_http/v2.2 (monitoring-plugins 2.2)"
10.26.60.119 - - [12/Apr/2021:10:07:39 +0700] "GET /map/favicon.ico HTTP/1.1" 404 185 "-" "Mozilla/5.0 (Windows NT 6.1) AppleWebKit/537.36 (KHTML, like Gecko) Chrome/66.0.3359.181 YaBrowser/18.6.1.770 Yowser/2.5 Safari/537.36"
127.0.0.1 - - [12/Apr/2021:10:08:35 +0700] "GET / HTTP/1.0" 200 11321 "-" "check_http/v2.2 (monitoring-plugins 2.2)"
10.26.60.119 - - [12/Apr/2021:10:08:40 +0700] "GET /map/favicon.ico HTTP/1.1" 404 185 "-" "Mozilla/5.0 (Windows NT 6.1) AppleWebKit/537.36 (KHTML, like Gecko) Chrome/66.0.3359.181 YaBrowser/18.6.1.770 Yowser/2.5 Safari/537.36"
127.0.0.1 - - [12/Apr/2021:10:09:35 +0700] "GET / HTTP/1.0" 200 11321 "-" "check_http/v2.2 (monitoring-plugins 2.2)"
10.26.60.119 - - [12/Apr/2021:10:09:40 +0700] "GET /map/favicon.ico HTTP/1.1" 404 185 "-" "Mozilla/5.0 (Windows NT 6.1) AppleWebKit/537.36 (KHTML, like Gecko) Chrome/66.0.3359.181 YaBrowser/18.6.1.770 Yowser/2.5 Safari/537.36"
172.18.133.0 - - [12/Apr/2021:10:09:56 +0700] "GET /map/login.php HTTP/1.1" 404 185 "-" "Mozilla/5.0 (Windows NT 6.1) AppleWebKit/537.36 (KHTML, like Gecko) Chrome/85.0.4183.121 Safari/537.36"
127.0.0.1 - - [12/Apr/2021:10:10:35 +0700] "GET / HTTP/1.0" 200 11321 "-" "check_http/v2.2 (monitoring-plugins 2.2)"
172.18.133.0 - - [12/Apr/2021:10:10:38 +0700] "GET /favicon.ico HTTP/1.1" 404 185 "http://mrgis02.mrsks.local/map/login.php" "Mozilla/5.0 (Windows NT 6.1) AppleWebKit/537.36 (KHTML, like Gecko) Chrome/85.0.4183.121 Safari/537.36"
10.26.60.119 - - [12/Apr/2021:10:10:40 +0700] "GET /map/favicon.ico HTTP/1.1" 404 185 "-" "Mozilla/5.0 (Windows NT 6.1) AppleWebKit/537.36 (KHTML, like Gecko) Chrome/66.0.3359.181 YaBrowser/18.6.1.770 Yowser/2.5 Safari/537.36"
127.0.0.1 - - [12/Apr/2021:10:11:35 +0700] "GET / HTTP/1.0" 200 11321 "-" "check_http/v2.2 (monitoring-plugins 2.2)"
10.26.60.119 - - [12/Apr/2021:10:11:41 +0700] "GET /map/favicon.ico HTTP/1.1" 404 185 "-" "Mozilla/5.0 (Windows NT 6.1) AppleWebKit/537.36 (KHTML, like Gecko) Chrome/66.0.3359.181 YaBrowser/18.6.1.770 Yowser/2.5 Safari/537.36"
127.0.0.1 - - [12/Apr/2021:10:12:35 +0700] "GET / HTTP/1.0" 200 11321 "-" "check_http/v2.2 (monitoring-plugins 2.2)"
10.26.60.119 - - [12/Apr/2021:10:12:41 +0700] "GET /map/favicon.ico HTTP/1.1" 404 185 "-" "Mozilla/5.0 (Windows NT 6.1) AppleWebKit/537.36 (KHTML, like Gecko) Chrome/66.0.3359.181 YaBrowser/18.6.1.770 Yowser/2.5 Safari/537.36"
127.0.0.1 - - [12/Apr/2021:10:13:35 +0700] "GET / HTTP/1.0" 200 11321 "-" "check_http/v2.2 (monitoring-plugins 2.2)"
10.26.60.119 - - [12/Apr/2021:10:13:42 +0700] "GET /map/favicon.ico HTTP/1.1" 404 185 "-" "Mozilla/5.0 (Windows NT 6.1) AppleWebKit/537.36 (KHTML, like Gecko) Chrome/66.0.3359.181 YaBrowser/18.6.1.770 Yowser/2.5 Safari/537.36"
127.0.0.1 - - [12/Apr/2021:10:14:35 +0700] "GET / HTTP/1.0" 200 11321 "-" "check_http/v2.2 (monitoring-plugins 2.2)"
10.26.60.119 - - [12/Apr/2021:10:14:42 +0700] "GET /map/favicon.ico HTTP/1.1" 404 185 "-" "Mozilla/5.0 (Windows NT 6.1) AppleWebKit/537.36 (KHTML, like Gecko) Chrome/66.0.3359.181 YaBrowser/18.6.1.770 Yowser/2.5 Safari/537.36"
127.0.0.1 - - [12/Apr/2021:10:15:35 +0700] "GET / HTTP/1.0" 200 11321 "-" "check_http/v2.2 (monitoring-plugins 2.2)"
10.26.60.119 - - [12/Apr/2021:10:15:43 +0700] "GET /map/favicon.ico HTTP/1.1" 404 185 "-" "Mozilla/5.0 (Windows NT 6.1) AppleWebKit/537.36 (KHTML, like Gecko) Chrome/66.0.3359.181 YaBrowser/18.6.1.770 Yowser/2.5 Safari/537.36"
127.0.0.1 - - [12/Apr/2021:10:16:35 +0700] "GET / HTTP/1.0" 200 11321 "-" "check_http/v2.2 (monitoring-plugins 2.2)"
10.26.60.119 - - [12/Apr/2021:10:16:43 +0700] "GET /map/favicon.ico HTTP/1.1" 404 185 "-" "Mozilla/5.0 (Windows NT 6.1) AppleWebKit/537.36 (KHTML, like Gecko) Chrome/66.0.3359.181 YaBrowser/18.6.1.770 Yowser/2.5 Safari/537.36"
127.0.0.1 - - [12/Apr/2021:10:17:35 +0700] "GET / HTTP/1.0" 200 11321 "-" "check_http/v2.2 (monitoring-plugins 2.2)"
10.26.60.119 - - [12/Apr/2021:10:17:44 +0700] "GET /map/favicon.ico HTTP/1.1" 404 185 "-" "Mozilla/5.0 (Windows NT 6.1) AppleWebKit/537.36 (KHTML, like Gecko) Chrome/66.0.3359.181 YaBrowser/18.6.1.770 Yowser/2.5 Safari/537.36"
127.0.0.1 - - [12/Apr/2021:10:18:35 +0700] "GET / HTTP/1.0" 200 11321 "-" "check_http/v2.2 (monitoring-plugins 2.2)"
10.26.60.119 - - [12/Apr/2021:10:18:44 +0700] "GET /map/favicon.ico HTTP/1.1" 404 185 "-" "Mozilla/5.0 (Windows NT 6.1) AppleWebKit/537.36 (KHTML, like Gecko) Chrome/66.0.3359.181 YaBrowser/18.6.1.770 Yowser/2.5 Safari/537.36"
127.0.0.1 - - [12/Apr/2021:10:19:35 +0700] "GET / HTTP/1.0" 200 11321 "-" "check_http/v2.2 (monitoring-plugins 2.2)"
10.26.60.119 - - [12/Apr/2021:10:19:44 +0700] "GET /map/favicon.ico HTTP/1.1" 404 185 "-" "Mozilla/5.0 (Windows NT 6.1) AppleWebKit/537.36 (KHTML, like Gecko) Chrome/66.0.3359.181 YaBrowser/18.6.1.770 Yowser/2.5 Safari/537.36"
127.0.0.1 - - [12/Apr/2021:10:20:35 +0700] "GET / HTTP/1.0" 200 11321 "-" "check_http/v2.2 (monitoring-plugins 2.2)"
10.26.60.119 - - [12/Apr/2021:10:20:44 +0700] "GET /map/favicon.ico HTTP/1.1" 404 185 "-" "Mozilla/5.0 (Windows NT 6.1) AppleWebKit/537.36 (KHTML, like Gecko) Chrome/66.0.3359.181 YaBrowser/18.6.1.770 Yowser/2.5 Safari/537.36"
127.0.0.1 - - [12/Apr/2021:10:21:35 +0700] "GET / HTTP/1.0" 200 11321 "-" "check_http/v2.2 (monitoring-plugins 2.2)"
10.26.60.119 - - [12/Apr/2021:10:21:45 +0700] "GET /map/favicon.ico HTTP/1.1" 404 185 "-" "Mozilla/5.0 (Windows NT 6.1) AppleWebKit/537.36 (KHTML, like Gecko) Chrome/66.0.3359.181 YaBrowser/18.6.1.770 Yowser/2.5 Safari/537.36"
127.0.0.1 - - [12/Apr/2021:10:22:35 +0700] "GET / HTTP/1.0" 200 11321 "-" "check_http/v2.2 (monitoring-plugins 2.2)"
10.26.60.119 - - [12/Apr/2021:10:22:45 +0700] "GET /map/favicon.ico HTTP/1.1" 404 185 "-" "Mozilla/5.0 (Windows NT 6.1) AppleWebKit/537.36 (KHTML, like Gecko) Chrome/66.0.3359.181 YaBrowser/18.6.1.770 Yowser/2.5 Safari/537.36"
127.0.0.1 - - [12/Apr/2021:10:23:35 +0700] "GET / HTTP/1.0" 200 11321 "-" "check_http/v2.2 (monitoring-plugins 2.2)"
10.26.60.119 - - [12/Apr/2021:10:23:46 +0700] "GET /map/favicon.ico HTTP/1.1" 404 185 "-" "Mozilla/5.0 (Windows NT 6.1) AppleWebKit/537.36 (KHTML, like Gecko) Chrome/66.0.3359.181 YaBrowser/18.6.1.770 Yowser/2.5 Safari/537.36"
127.0.0.1 - - [12/Apr/2021:10:24:35 +0700] "GET / HTTP/1.0" 200 11321 "-" "check_http/v2.2 (monitoring-plugins 2.2)"
10.26.60.119 - - [12/Apr/2021:10:24:46 +0700] "GET /map/favicon.ico HTTP/1.1" 404 185 "-" "Mozilla/5.0 (Windows NT 6.1) AppleWebKit/537.36 (KHTML, like Gecko) Chrome/66.0.3359.181 YaBrowser/18.6.1.770 Yowser/2.5 Safari/537.36"
127.0.0.1 - - [12/Apr/2021:10:25:35 +0700] "GET / HTTP/1.0" 200 11321 "-" "check_http/v2.2 (monitoring-plugins 2.2)"
10.26.60.119 - - [12/Apr/2021:10:25:47 +0700] "GET /map/favicon.ico HTTP/1.1" 404 185 "-" "Mozilla/5.0 (Windows NT 6.1) AppleWebKit/537.36 (KHTML, like Gecko) Chrome/66.0.3359.181 YaBrowser/18.6.1.770 Yowser/2.5 Safari/537.36"
127.0.0.1 - - [12/Apr/2021:10:26:35 +0700] "GET / HTTP/1.0" 200 11321 "-" "check_http/v2.2 (monitoring-plugins 2.2)"
10.26.60.119 - - [12/Apr/2021:10:26:47 +0700] "GET /map/favicon.ico HTTP/1.1" 404 185 "-" "Mozilla/5.0 (Windows NT 6.1) AppleWebKit/537.36 (KHTML, like Gecko) Chrome/66.0.3359.181 YaBrowser/18.6.1.770 Yowser/2.5 Safari/537.36"
127.0.0.1 - - [12/Apr/2021:10:27:35 +0700] "GET / HTTP/1.0" 200 11321 "-" "check_http/v2.2 (monitoring-plugins 2.2)"
10.26.60.119 - - [12/Apr/2021:10:27:47 +0700] "GET /map/favicon.ico HTTP/1.1" 404 185 "-" "Mozilla/5.0 (Windows NT 6.1) AppleWebKit/537.36 (KHTML, like Gecko) Chrome/66.0.3359.181 YaBrowser/18.6.1.770 Yowser/2.5 Safari/537.36"
127.0.0.1 - - [12/Apr/2021:10:28:35 +0700] "GET / HTTP/1.0" 200 11321 "-" "check_http/v2.2 (monitoring-plugins 2.2)"
10.26.60.119 - - [12/Apr/2021:10:28:48 +0700] "GET /map/favicon.ico HTTP/1.1" 404 185 "-" "Mozilla/5.0 (Windows NT 6.1) AppleWebKit/537.36 (KHTML, like Gecko) Chrome/66.0.3359.181 YaBrowser/18.6.1.770 Yowser/2.5 Safari/537.36"
127.0.0.1 - - [12/Apr/2021:10:29:35 +0700] "GET / HTTP/1.0" 200 11321 "-" "check_http/v2.2 (monitoring-plugins 2.2)"
10.26.60.119 - - [12/Apr/2021:10:29:48 +0700] "GET /map/favicon.ico HTTP/1.1" 404 185 "-" "Mozilla/5.0 (Windows NT 6.1) AppleWebKit/537.36 (KHTML, like Gecko) Chrome/66.0.3359.181 YaBrowser/18.6.1.770 Yowser/2.5 Safari/537.36"
127.0.0.1 - - [12/Apr/2021:10:30:35 +0700] "GET / HTTP/1.0" 200 11321 "-" "check_http/v2.2 (monitoring-plugins 2.2)"
10.26.60.119 - - [12/Apr/2021:10:30:49 +0700] "GET /map/favicon.ico HTTP/1.1" 404 185 "-" "Mozilla/5.0 (Windows NT 6.1) AppleWebKit/537.36 (KHTML, like Gecko) Chrome/66.0.3359.181 YaBrowser/18.6.1.770 Yowser/2.5 Safari/537.36"
172.23.75.12 - - [12/Apr/2021:10:31:19 +0700] "GET /map/login.php HTTP/1.1" 404 124 "-" "Mozilla/5.0 (Windows NT 6.1; rv:87.0) Gecko/20100101 Firefox/87.0"
172.23.75.12 - - [12/Apr/2021:10:31:20 +0700] "GET /favicon.ico HTTP/1.1" 404 124 "http://mrgis02.mrsks.local/map/login.php" "Mozilla/5.0 (Windows NT 6.1; rv:87.0) Gecko/20100101 Firefox/87.0"
127.0.0.1 - - [12/Apr/2021:10:31:35 +0700] "GET / HTTP/1.0" 200 11321 "-" "check_http/v2.2 (monitoring-plugins 2.2)"
10.26.60.119 - - [12/Apr/2021:10:31:49 +0700] "GET /map/favicon.ico HTTP/1.1" 404 185 "-" "Mozilla/5.0 (Windows NT 6.1) AppleWebKit/537.36 (KHTML, like Gecko) Chrome/66.0.3359.181 YaBrowser/18.6.1.770 Yowser/2.5 Safari/537.36"
172.23.75.12 - - [12/Apr/2021:10:32:15 +0700] "GET /map/login.php HTTP/1.1" 404 124 "-" "Mozilla/5.0 (Windows NT 6.1; rv:87.0) Gecko/20100101 Firefox/87.0"
172.23.75.12 - - [12/Apr/2021:10:32:15 +0700] "GET /favicon.ico HTTP/1.1" 404 124 "http://mrgis02.mrsks.local/map/login.php" "Mozilla/5.0 (Windows NT 6.1; rv:87.0) Gecko/20100101 Firefox/87.0"
127.0.0.1 - - [12/Apr/2021:10:32:35 +0700] "GET / HTTP/1.0" 200 11321 "-" "check_http/v2.2 (monitoring-plugins 2.2)"
172.23.75.12 - - [12/Apr/2021:10:32:43 +0700] "GET /map/login.php HTTP/1.1" 404 124 "-" "Mozilla/5.0 (Windows NT 6.1; rv:87.0) Gecko/20100101 Firefox/87.0"
10.26.60.119 - - [12/Apr/2021:10:32:49 +0700] "GET /map/favicon.ico HTTP/1.1" 404 185 "-" "Mozilla/5.0 (Windows NT 6.1) AppleWebKit/537.36 (KHTML, like Gecko) Chrome/66.0.3359.181 YaBrowser/18.6.1.770 Yowser/2.5 Safari/537.36"
127.0.0.1 - - [12/Apr/2021:10:33:35 +0700] "GET / HTTP/1.0" 200 11321 "-" "check_http/v2.2 (monitoring-plugins 2.2)"
10.26.60.119 - - [12/Apr/2021:10:33:50 +0700] "GET /map/favicon.ico HTTP/1.1" 404 185 "-" "Mozilla/5.0 (Windows NT 6.1) AppleWebKit/537.36 (KHTML, like Gecko) Chrome/66.0.3359.181 YaBrowser/18.6.1.770 Yowser/2.5 Safari/537.36"
172.23.75.12 - - [12/Apr/2021:10:34:02 +0700] "GET /map/login.php HTTP/1.1" 404 124 "-" "Mozilla/5.0 (Windows NT 6.1; rv:87.0) Gecko/20100101 Firefox/87.0"
172.23.75.12 - - [12/Apr/2021:10:34:02 +0700] "GET /favicon.ico HTTP/1.1" 404 124 "http://mrgis02.mrsks.local/map/login.php" "Mozilla/5.0 (Windows NT 6.1; rv:87.0) Gecko/20100101 Firefox/87.0"
127.0.0.1 - - [12/Apr/2021:10:34:35 +0700] "GET / HTTP/1.0" 200 11321 "-" "check_http/v2.2 (monitoring-plugins 2.2)"
10.26.60.119 - - [12/Apr/2021:10:34:50 +0700] "GET /map/favicon.ico HTTP/1.1" 404 185 "-" "Mozilla/5.0 (Windows NT 6.1) AppleWebKit/537.36 (KHTML, like Gecko) Chrome/66.0.3359.181 YaBrowser/18.6.1.770 Yowser/2.5 Safari/537.36"
127.0.0.1 - - [12/Apr/2021:10:35:35 +0700] "GET / HTTP/1.0" 200 11321 "-" "check_http/v2.2 (monitoring-plugins 2.2)"
10.26.60.119 - - [12/Apr/2021:10:35:51 +0700] "GET /map/favicon.ico HTTP/1.1" 404 185 "-" "Mozilla/5.0 (Windows NT 6.1) AppleWebKit/537.36 (KHTML, like Gecko) Chrome/66.0.3359.181 YaBrowser/18.6.1.770 Yowser/2.5 Safari/537.36"
127.0.0.1 - - [12/Apr/2021:10:36:35 +0700] "GET / HTTP/1.0" 200 11321 "-" "check_http/v2.2 (monitoring-plugins 2.2)"
10.26.60.119 - - [12/Apr/2021:10:36:51 +0700] "GET /map/favicon.ico HTTP/1.1" 404 185 "-" "Mozilla/5.0 (Windows NT 6.1) AppleWebKit/537.36 (KHTML, like Gecko) Chrome/66.0.3359.181 YaBrowser/18.6.1.770 Yowser/2.5 Safari/537.36"
127.0.0.1 - - [12/Apr/2021:10:37:35 +0700] "GET / HTTP/1.0" 200 11321 "-" "check_http/v2.2 (monitoring-plugins 2.2)"
10.26.60.119 - - [12/Apr/2021:10:37:51 +0700] "GET /map/favicon.ico HTTP/1.1" 404 185 "-" "Mozilla/5.0 (Windows NT 6.1) AppleWebKit/537.36 (KHTML, like Gecko) Chrome/66.0.3359.181 YaBrowser/18.6.1.770 Yowser/2.5 Safari/537.36"
127.0.0.1 - - [12/Apr/2021:10:38:35 +0700] "GET / HTTP/1.0" 200 11321 "-" "check_http/v2.2 (monitoring-plugins 2.2)"
10.26.60.119 - - [12/Apr/2021:10:38:52 +0700] "GET /map/favicon.ico HTTP/1.1" 404 185 "-" "Mozilla/5.0 (Windows NT 6.1) AppleWebKit/537.36 (KHTML, like Gecko) Chrome/66.0.3359.181 YaBrowser/18.6.1.770 Yowser/2.5 Safari/537.36"
127.0.0.1 - - [12/Apr/2021:10:39:35 +0700] "GET / HTTP/1.0" 200 11321 "-" "check_http/v2.2 (monitoring-plugins 2.2)"
