127.0.0.1 - - [12/Apr/2021:06:25:35 +0700] "GET / HTTP/1.0" 200 11321 "-" "check_http/v2.2 (monitoring-plugins 2.2)"
10.26.60.119 - - [12/Apr/2021:06:25:55 +0700] "GET /map/favicon.ico HTTP/1.1" 404 185 "-" "Mozilla/5.0 (Windows NT 6.1) AppleWebKit/537.36 (KHTML, like Gecko) Chrome/66.0.3359.181 YaBrowser/18.6.1.770 Yowser/2.5 Safari/537.36"
127.0.0.1 - - [12/Apr/2021:06:26:35 +0700] "GET / HTTP/1.0" 200 11321 "-" "check_http/v2.2 (monitoring-plugins 2.2)"
10.26.60.119 - - [12/Apr/2021:06:26:55 +0700] "GET /map/favicon.ico HTTP/1.1" 404 185 "-" "Mozilla/5.0 (Windows NT 6.1) AppleWebKit/537.36 (KHTML, like Gecko) Chrome/66.0.3359.181 YaBrowser/18.6.1.770 Yowser/2.5 Safari/537.36"
127.0.0.1 - - [12/Apr/2021:06:27:35 +0700] "GET / HTTP/1.0" 200 11321 "-" "check_http/v2.2 (monitoring-plugins 2.2)"
10.26.60.119 - - [12/Apr/2021:06:27:55 +0700] "GET /map/favicon.ico HTTP/1.1" 404 185 "-" "Mozilla/5.0 (Windows NT 6.1) AppleWebKit/537.36 (KHTML, like Gecko) Chrome/66.0.3359.181 YaBrowser/18.6.1.770 Yowser/2.5 Safari/537.36"
127.0.0.1 - - [12/Apr/2021:06:28:35 +0700] "GET / HTTP/1.0" 200 11321 "-" "check_http/v2.2 (monitoring-plugins 2.2)"
10.26.60.119 - - [12/Apr/2021:06:28:55 +0700] "GET /map/favicon.ico HTTP/1.1" 404 185 "-" "Mozilla/5.0 (Windows NT 6.1) AppleWebKit/537.36 (KHTML, like Gecko) Chrome/66.0.3359.181 YaBrowser/18.6.1.770 Yowser/2.5 Safari/537.36"
127.0.0.1 - - [12/Apr/2021:06:29:35 +0700] "GET / HTTP/1.0" 200 11321 "-" "check_http/v2.2 (monitoring-plugins 2.2)"
10.26.60.119 - - [12/Apr/2021:06:29:55 +0700] "GET /map/favicon.ico HTTP/1.1" 404 185 "-" "Mozilla/5.0 (Windows NT 6.1) AppleWebKit/537.36 (KHTML, like Gecko) Chrome/66.0.3359.181 YaBrowser/18.6.1.770 Yowser/2.5 Safari/537.36"
127.0.0.1 - - [12/Apr/2021:06:30:35 +0700] "GET / HTTP/1.0" 200 11321 "-" "check_http/v2.2 (monitoring-plugins 2.2)"
10.26.60.119 - - [12/Apr/2021:06:30:56 +0700] "GET /map/favicon.ico HTTP/1.1" 404 185 "-" "Mozilla/5.0 (Windows NT 6.1) AppleWebKit/537.36 (KHTML, like Gecko) Chrome/66.0.3359.181 YaBrowser/18.6.1.770 Yowser/2.5 Safari/537.36"
127.0.0.1 - - [12/Apr/2021:06:31:35 +0700] "GET / HTTP/1.0" 200 11321 "-" "check_http/v2.2 (monitoring-plugins 2.2)"
10.26.60.119 - - [12/Apr/2021:06:31:56 +0700] "GET /map/favicon.ico HTTP/1.1" 404 185 "-" "Mozilla/5.0 (Windows NT 6.1) AppleWebKit/537.36 (KHTML, like Gecko) Chrome/66.0.3359.181 YaBrowser/18.6.1.770 Yowser/2.5 Safari/537.36"
127.0.0.1 - - [12/Apr/2021:06:32:35 +0700] "GET / HTTP/1.0" 200 11321 "-" "check_http/v2.2 (monitoring-plugins 2.2)"
10.26.60.119 - - [12/Apr/2021:06:32:56 +0700] "GET /map/favicon.ico HTTP/1.1" 404 185 "-" "Mozilla/5.0 (Windows NT 6.1) AppleWebKit/537.36 (KHTML, like Gecko) Chrome/66.0.3359.181 YaBrowser/18.6.1.770 Yowser/2.5 Safari/537.36"
127.0.0.1 - - [12/Apr/2021:06:33:35 +0700] "GET / HTTP/1.0" 200 11321 "-" "check_http/v2.2 (monitoring-plugins 2.2)"
10.26.60.119 - - [12/Apr/2021:06:33:56 +0700] "GET /map/favicon.ico HTTP/1.1" 404 185 "-" "Mozilla/5.0 (Windows NT 6.1) AppleWebKit/537.36 (KHTML, like Gecko) Chrome/66.0.3359.181 YaBrowser/18.6.1.770 Yowser/2.5 Safari/537.36"
127.0.0.1 - - [12/Apr/2021:06:34:35 +0700] "GET / HTTP/1.0" 200 11321 "-" "check_http/v2.2 (monitoring-plugins 2.2)"
10.26.60.119 - - [12/Apr/2021:06:34:56 +0700] "GET /map/favicon.ico HTTP/1.1" 404 185 "-" "Mozilla/5.0 (Windows NT 6.1) AppleWebKit/537.36 (KHTML, like Gecko) Chrome/66.0.3359.181 YaBrowser/18.6.1.770 Yowser/2.5 Safari/537.36"
127.0.0.1 - - [12/Apr/2021:06:35:35 +0700] "GET / HTTP/1.0" 200 11321 "-" "check_http/v2.2 (monitoring-plugins 2.2)"
10.26.60.119 - - [12/Apr/2021:06:35:56 +0700] "GET /map/favicon.ico HTTP/1.1" 404 185 "-" "Mozilla/5.0 (Windows NT 6.1) AppleWebKit/537.36 (KHTML, like Gecko) Chrome/66.0.3359.181 YaBrowser/18.6.1.770 Yowser/2.5 Safari/537.36"
127.0.0.1 - - [12/Apr/2021:06:36:35 +0700] "GET / HTTP/1.0" 200 11321 "-" "check_http/v2.2 (monitoring-plugins 2.2)"
10.26.60.119 - - [12/Apr/2021:06:36:56 +0700] "GET /map/favicon.ico HTTP/1.1" 404 185 "-" "Mozilla/5.0 (Windows NT 6.1) AppleWebKit/537.36 (KHTML, like Gecko) Chrome/66.0.3359.181 YaBrowser/18.6.1.770 Yowser/2.5 Safari/537.36"
127.0.0.1 - - [12/Apr/2021:06:37:35 +0700] "GET / HTTP/1.0" 200 11321 "-" "check_http/v2.2 (monitoring-plugins 2.2)"
10.26.60.119 - - [12/Apr/2021:06:37:57 +0700] "GET /map/favicon.ico HTTP/1.1" 404 185 "-" "Mozilla/5.0 (Windows NT 6.1) AppleWebKit/537.36 (KHTML, like Gecko) Chrome/66.0.3359.181 YaBrowser/18.6.1.770 Yowser/2.5 Safari/537.36"
127.0.0.1 - - [12/Apr/2021:06:38:35 +0700] "GET / HTTP/1.0" 200 11321 "-" "check_http/v2.2 (monitoring-plugins 2.2)"
10.26.60.119 - - [12/Apr/2021:06:38:57 +0700] "GET /map/favicon.ico HTTP/1.1" 404 185 "-" "Mozilla/5.0 (Windows NT 6.1) AppleWebKit/537.36 (KHTML, like Gecko) Chrome/66.0.3359.181 YaBrowser/18.6.1.770 Yowser/2.5 Safari/537.36"
127.0.0.1 - - [12/Apr/2021:06:39:35 +0700] "GET / HTTP/1.0" 200 11321 "-" "check_http/v2.2 (monitoring-plugins 2.2)"
10.26.60.119 - - [12/Apr/2021:06:39:57 +0700] "GET /map/favicon.ico HTTP/1.1" 404 185 "-" "Mozilla/5.0 (Windows NT 6.1) AppleWebKit/537.36 (KHTML, like Gecko) Chrome/66.0.3359.181 YaBrowser/18.6.1.770 Yowser/2.5 Safari/537.36"
127.0.0.1 - - [12/Apr/2021:06:40:35 +0700] "GET / HTTP/1.0" 200 11321 "-" "check_http/v2.2 (monitoring-plugins 2.2)"
10.26.60.119 - - [12/Apr/2021:06:40:57 +0700] "GET /map/favicon.ico HTTP/1.1" 404 185 "-" "Mozilla/5.0 (Windows NT 6.1) AppleWebKit/537.36 (KHTML, like Gecko) Chrome/66.0.3359.181 YaBrowser/18.6.1.770 Yowser/2.5 Safari/537.36"
127.0.0.1 - - [12/Apr/2021:06:41:35 +0700] "GET / HTTP/1.0" 200 11321 "-" "check_http/v2.2 (monitoring-plugins 2.2)"
10.26.60.119 - - [12/Apr/2021:06:41:57 +0700] "GET /map/favicon.ico HTTP/1.1" 404 185 "-" "Mozilla/5.0 (Windows NT 6.1) AppleWebKit/537.36 (KHTML, like Gecko) Chrome/66.0.3359.181 YaBrowser/18.6.1.770 Yowser/2.5 Safari/537.36"
127.0.0.1 - - [12/Apr/2021:06:42:35 +0700] "GET / HTTP/1.0" 200 11321 "-" "check_http/v2.2 (monitoring-plugins 2.2)"
10.26.60.119 - - [12/Apr/2021:06:42:57 +0700] "GET /map/favicon.ico HTTP/1.1" 404 185 "-" "Mozilla/5.0 (Windows NT 6.1) AppleWebKit/537.36 (KHTML, like Gecko) Chrome/66.0.3359.181 YaBrowser/18.6.1.770 Yowser/2.5 Safari/537.36"
127.0.0.1 - - [12/Apr/2021:06:43:35 +0700] "GET / HTTP/1.0" 200 11321 "-" "check_http/v2.2 (monitoring-plugins 2.2)"
10.26.60.119 - - [12/Apr/2021:06:43:57 +0700] "GET /map/favicon.ico HTTP/1.1" 404 185 "-" "Mozilla/5.0 (Windows NT 6.1) AppleWebKit/537.36 (KHTML, like Gecko) Chrome/66.0.3359.181 YaBrowser/18.6.1.770 Yowser/2.5 Safari/537.36"
127.0.0.1 - - [12/Apr/2021:06:44:35 +0700] "GET / HTTP/1.0" 200 11321 "-" "check_http/v2.2 (monitoring-plugins 2.2)"
10.26.60.119 - - [12/Apr/2021:06:44:57 +0700] "GET /map/favicon.ico HTTP/1.1" 404 185 "-" "Mozilla/5.0 (Windows NT 6.1) AppleWebKit/537.36 (KHTML, like Gecko) Chrome/66.0.3359.181 YaBrowser/18.6.1.770 Yowser/2.5 Safari/537.36"
127.0.0.1 - - [12/Apr/2021:06:45:35 +0700] "GET / HTTP/1.0" 200 11321 "-" "check_http/v2.2 (monitoring-plugins 2.2)"
10.26.60.119 - - [12/Apr/2021:06:45:57 +0700] "GET /map/favicon.ico HTTP/1.1" 404 185 "-" "Mozilla/5.0 (Windows NT 6.1) AppleWebKit/537.36 (KHTML, like Gecko) Chrome/66.0.3359.181 YaBrowser/18.6.1.770 Yowser/2.5 Safari/537.36"
127.0.0.1 - - [12/Apr/2021:06:46:35 +0700] "GET / HTTP/1.0" 200 11321 "-" "check_http/v2.2 (monitoring-plugins 2.2)"
10.26.60.119 - - [12/Apr/2021:06:46:58 +0700] "GET /map/favicon.ico HTTP/1.1" 404 185 "-" "Mozilla/5.0 (Windows NT 6.1) AppleWebKit/537.36 (KHTML, like Gecko) Chrome/66.0.3359.181 YaBrowser/18.6.1.770 Yowser/2.5 Safari/537.36"
127.0.0.1 - - [12/Apr/2021:06:47:35 +0700] "GET / HTTP/1.0" 200 11321 "-" "check_http/v2.2 (monitoring-plugins 2.2)"
10.26.60.119 - - [12/Apr/2021:06:47:58 +0700] "GET /map/favicon.ico HTTP/1.1" 404 185 "-" "Mozilla/5.0 (Windows NT 6.1) AppleWebKit/537.36 (KHTML, like Gecko) Chrome/66.0.3359.181 YaBrowser/18.6.1.770 Yowser/2.5 Safari/537.36"
127.0.0.1 - - [12/Apr/2021:06:48:35 +0700] "GET / HTTP/1.0" 200 11321 "-" "check_http/v2.2 (monitoring-plugins 2.2)"
10.26.60.119 - - [12/Apr/2021:06:48:58 +0700] "GET /map/favicon.ico HTTP/1.1" 404 185 "-" "Mozilla/5.0 (Windows NT 6.1) AppleWebKit/537.36 (KHTML, like Gecko) Chrome/66.0.3359.181 YaBrowser/18.6.1.770 Yowser/2.5 Safari/537.36"
127.0.0.1 - - [12/Apr/2021:06:49:35 +0700] "GET / HTTP/1.0" 200 11321 "-" "check_http/v2.2 (monitoring-plugins 2.2)"
10.26.60.119 - - [12/Apr/2021:06:49:58 +0700] "GET /map/favicon.ico HTTP/1.1" 404 185 "-" "Mozilla/5.0 (Windows NT 6.1) AppleWebKit/537.36 (KHTML, like Gecko) Chrome/66.0.3359.181 YaBrowser/18.6.1.770 Yowser/2.5 Safari/537.36"
127.0.0.1 - - [12/Apr/2021:06:50:35 +0700] "GET / HTTP/1.0" 200 11321 "-" "check_http/v2.2 (monitoring-plugins 2.2)"
10.26.60.119 - - [12/Apr/2021:06:50:58 +0700] "GET /map/favicon.ico HTTP/1.1" 404 185 "-" "Mozilla/5.0 (Windows NT 6.1) AppleWebKit/537.36 (KHTML, like Gecko) Chrome/66.0.3359.181 YaBrowser/18.6.1.770 Yowser/2.5 Safari/537.36"
127.0.0.1 - - [12/Apr/2021:06:51:35 +0700] "GET / HTTP/1.0" 200 11321 "-" "check_http/v2.2 (monitoring-plugins 2.2)"
179.98.30.163 - - [12/Apr/2021:06:51:55 +0700] "GET / HTTP/1.1" 200 11321 "-" "Mozilla/5.0 (Windows NT 10.0; WOW64) AppleWebKit/537.36 (KHTML, like Gecko) Chrome/52.0.2743.116 Safari/537.36"
10.26.60.119 - - [12/Apr/2021:06:51:58 +0700] "GET /map/favicon.ico HTTP/1.1" 404 185 "-" "Mozilla/5.0 (Windows NT 6.1) AppleWebKit/537.36 (KHTML, like Gecko) Chrome/66.0.3359.181 YaBrowser/18.6.1.770 Yowser/2.5 Safari/537.36"
127.0.0.1 - - [12/Apr/2021:06:52:35 +0700] "GET / HTTP/1.0" 200 11321 "-" "check_http/v2.2 (monitoring-plugins 2.2)"
10.26.60.119 - - [12/Apr/2021:06:52:59 +0700] "GET /map/favicon.ico HTTP/1.1" 404 185 "-" "Mozilla/5.0 (Windows NT 6.1) AppleWebKit/537.36 (KHTML, like Gecko) Chrome/66.0.3359.181 YaBrowser/18.6.1.770 Yowser/2.5 Safari/537.36"
127.0.0.1 - - [12/Apr/2021:06:53:35 +0700] "GET / HTTP/1.0" 200 11321 "-" "check_http/v2.2 (monitoring-plugins 2.2)"
10.26.60.119 - - [12/Apr/2021:06:53:59 +0700] "GET /map/favicon.ico HTTP/1.1" 404 185 "-" "Mozilla/5.0 (Windows NT 6.1) AppleWebKit/537.36 (KHTML, like Gecko) Chrome/66.0.3359.181 YaBrowser/18.6.1.770 Yowser/2.5 Safari/537.36"
127.0.0.1 - - [12/Apr/2021:06:54:35 +0700] "GET / HTTP/1.0" 200 11321 "-" "check_http/v2.2 (monitoring-plugins 2.2)"
10.26.60.119 - - [12/Apr/2021:06:54:59 +0700] "GET /map/favicon.ico HTTP/1.1" 404 185 "-" "Mozilla/5.0 (Windows NT 6.1) AppleWebKit/537.36 (KHTML, like Gecko) Chrome/66.0.3359.181 YaBrowser/18.6.1.770 Yowser/2.5 Safari/537.36"
127.0.0.1 - - [12/Apr/2021:06:55:35 +0700] "GET / HTTP/1.0" 200 11321 "-" "check_http/v2.2 (monitoring-plugins 2.2)"
10.26.60.119 - - [12/Apr/2021:06:55:59 +0700] "GET /map/favicon.ico HTTP/1.1" 404 185 "-" "Mozilla/5.0 (Windows NT 6.1) AppleWebKit/537.36 (KHTML, like Gecko) Chrome/66.0.3359.181 YaBrowser/18.6.1.770 Yowser/2.5 Safari/537.36"
127.0.0.1 - - [12/Apr/2021:06:56:35 +0700] "GET / HTTP/1.0" 200 11321 "-" "check_http/v2.2 (monitoring-plugins 2.2)"
10.26.60.119 - - [12/Apr/2021:06:56:59 +0700] "GET /map/favicon.ico HTTP/1.1" 404 185 "-" "Mozilla/5.0 (Windows NT 6.1) AppleWebKit/537.36 (KHTML, like Gecko) Chrome/66.0.3359.181 YaBrowser/18.6.1.770 Yowser/2.5 Safari/537.36"
127.0.0.1 - - [12/Apr/2021:06:57:35 +0700] "GET / HTTP/1.0" 200 11321 "-" "check_http/v2.2 (monitoring-plugins 2.2)"
10.26.60.119 - - [12/Apr/2021:06:57:59 +0700] "GET /map/favicon.ico HTTP/1.1" 404 185 "-" "Mozilla/5.0 (Windows NT 6.1) AppleWebKit/537.36 (KHTML, like Gecko) Chrome/66.0.3359.181 YaBrowser/18.6.1.770 Yowser/2.5 Safari/537.36"
127.0.0.1 - - [12/Apr/2021:06:58:35 +0700] "GET / HTTP/1.0" 200 11321 "-" "check_http/v2.2 (monitoring-plugins 2.2)"
10.26.60.119 - - [12/Apr/2021:06:58:59 +0700] "GET /map/favicon.ico HTTP/1.1" 404 185 "-" "Mozilla/5.0 (Windows NT 6.1) AppleWebKit/537.36 (KHTML, like Gecko) Chrome/66.0.3359.181 YaBrowser/18.6.1.770 Yowser/2.5 Safari/537.36"
127.0.0.1 - - [12/Apr/2021:06:59:35 +0700] "GET / HTTP/1.0" 200 11321 "-" "check_http/v2.2 (monitoring-plugins 2.2)"
10.26.60.119 - - [12/Apr/2021:06:59:59 +0700] "GET /map/favicon.ico HTTP/1.1" 404 185 "-" "Mozilla/5.0 (Windows NT 6.1) AppleWebKit/537.36 (KHTML, like Gecko) Chrome/66.0.3359.181 YaBrowser/18.6.1.770 Yowser/2.5 Safari/537.36"
127.0.0.1 - - [12/Apr/2021:07:00:35 +0700] "GET / HTTP/1.0" 200 11321 "-" "check_http/v2.2 (monitoring-plugins 2.2)"
10.26.60.119 - - [12/Apr/2021:07:00:59 +0700] "GET /map/favicon.ico HTTP/1.1" 404 185 "-" "Mozilla/5.0 (Windows NT 6.1) AppleWebKit/537.36 (KHTML, like Gecko) Chrome/66.0.3359.181 YaBrowser/18.6.1.770 Yowser/2.5 Safari/537.36"
127.0.0.1 - - [12/Apr/2021:07:01:35 +0700] "GET / HTTP/1.0" 200 11321 "-" "check_http/v2.2 (monitoring-plugins 2.2)"
10.26.60.119 - - [12/Apr/2021:07:01:59 +0700] "GET /map/favicon.ico HTTP/1.1" 404 185 "-" "Mozilla/5.0 (Windows NT 6.1) AppleWebKit/537.36 (KHTML, like Gecko) Chrome/66.0.3359.181 YaBrowser/18.6.1.770 Yowser/2.5 Safari/537.36"
127.0.0.1 - - [12/Apr/2021:07:02:35 +0700] "GET / HTTP/1.0" 200 11321 "-" "check_http/v2.2 (monitoring-plugins 2.2)"
10.26.60.119 - - [12/Apr/2021:07:02:59 +0700] "GET /map/favicon.ico HTTP/1.1" 404 185 "-" "Mozilla/5.0 (Windows NT 6.1) AppleWebKit/537.36 (KHTML, like Gecko) Chrome/66.0.3359.181 YaBrowser/18.6.1.770 Yowser/2.5 Safari/537.36"
127.0.0.1 - - [12/Apr/2021:07:03:35 +0700] "GET / HTTP/1.0" 200 11321 "-" "check_http/v2.2 (monitoring-plugins 2.2)"
10.26.60.119 - - [12/Apr/2021:07:03:59 +0700] "GET /map/favicon.ico HTTP/1.1" 404 185 "-" "Mozilla/5.0 (Windows NT 6.1) AppleWebKit/537.36 (KHTML, like Gecko) Chrome/66.0.3359.181 YaBrowser/18.6.1.770 Yowser/2.5 Safari/537.36"
127.0.0.1 - - [12/Apr/2021:07:04:35 +0700] "GET / HTTP/1.0" 200 11321 "-" "check_http/v2.2 (monitoring-plugins 2.2)"
10.26.60.119 - - [12/Apr/2021:07:04:59 +0700] "GET /map/favicon.ico HTTP/1.1" 404 185 "-" "Mozilla/5.0 (Windows NT 6.1) AppleWebKit/537.36 (KHTML, like Gecko) Chrome/66.0.3359.181 YaBrowser/18.6.1.770 Yowser/2.5 Safari/537.36"
127.0.0.1 - - [12/Apr/2021:07:05:35 +0700] "GET / HTTP/1.0" 200 11321 "-" "check_http/v2.2 (monitoring-plugins 2.2)"
10.26.60.119 - - [12/Apr/2021:07:05:59 +0700] "GET /map/favicon.ico HTTP/1.1" 404 185 "-" "Mozilla/5.0 (Windows NT 6.1) AppleWebKit/537.36 (KHTML, like Gecko) Chrome/66.0.3359.181 YaBrowser/18.6.1.770 Yowser/2.5 Safari/537.36"
127.0.0.1 - - [12/Apr/2021:07:06:35 +0700] "GET / HTTP/1.0" 200 11321 "-" "check_http/v2.2 (monitoring-plugins 2.2)"
10.26.60.119 - - [12/Apr/2021:07:06:59 +0700] "GET /map/favicon.ico HTTP/1.1" 404 185 "-" "Mozilla/5.0 (Windows NT 6.1) AppleWebKit/537.36 (KHTML, like Gecko) Chrome/66.0.3359.181 YaBrowser/18.6.1.770 Yowser/2.5 Safari/537.36"
127.0.0.1 - - [12/Apr/2021:07:07:35 +0700] "GET / HTTP/1.0" 200 11321 "-" "check_http/v2.2 (monitoring-plugins 2.2)"
10.26.60.119 - - [12/Apr/2021:07:07:59 +0700] "GET /map/favicon.ico HTTP/1.1" 404 185 "-" "Mozilla/5.0 (Windows NT 6.1) AppleWebKit/537.36 (KHTML, like Gecko) Chrome/66.0.3359.181 YaBrowser/18.6.1.770 Yowser/2.5 Safari/537.36"
127.0.0.1 - - [12/Apr/2021:07:08:35 +0700] "GET / HTTP/1.0" 200 11321 "-" "check_http/v2.2 (monitoring-plugins 2.2)"
10.26.60.119 - - [12/Apr/2021:07:08:59 +0700] "GET /map/favicon.ico HTTP/1.1" 404 185 "-" "Mozilla/5.0 (Windows NT 6.1) AppleWebKit/537.36 (KHTML, like Gecko) Chrome/66.0.3359.181 YaBrowser/18.6.1.770 Yowser/2.5 Safari/537.36"
127.0.0.1 - - [12/Apr/2021:07:09:35 +0700] "GET / HTTP/1.0" 200 11321 "-" "check_http/v2.2 (monitoring-plugins 2.2)"
10.26.60.119 - - [12/Apr/2021:07:09:59 +0700] "GET /map/favicon.ico HTTP/1.1" 404 185 "-" "Mozilla/5.0 (Windows NT 6.1) AppleWebKit/537.36 (KHTML, like Gecko) Chrome/66.0.3359.181 YaBrowser/18.6.1.770 Yowser/2.5 Safari/537.36"
127.0.0.1 - - [12/Apr/2021:07:10:35 +0700] "GET / HTTP/1.0" 200 11321 "-" "check_http/v2.2 (monitoring-plugins 2.2)"
10.26.60.119 - - [12/Apr/2021:07:10:59 +0700] "GET /map/favicon.ico HTTP/1.1" 404 185 "-" "Mozilla/5.0 (Windows NT 6.1) AppleWebKit/537.36 (KHTML, like Gecko) Chrome/66.0.3359.181 YaBrowser/18.6.1.770 Yowser/2.5 Safari/537.36"
172.23.150.122 - - [12/Apr/2021:07:11:07 +0700] "GET /map/login.php HTTP/1.1" 404 124 "-" "Mozilla/5.0 (Windows NT 6.1; Win64; x64; rv:70.0) Gecko/20100101 Firefox/70.0"
127.0.0.1 - - [12/Apr/2021:07:11:35 +0700] "GET / HTTP/1.0" 200 11321 "-" "check_http/v2.2 (monitoring-plugins 2.2)"
10.26.60.119 - - [12/Apr/2021:07:11:59 +0700] "GET /map/favicon.ico HTTP/1.1" 404 185 "-" "Mozilla/5.0 (Windows NT 6.1) AppleWebKit/537.36 (KHTML, like Gecko) Chrome/66.0.3359.181 YaBrowser/18.6.1.770 Yowser/2.5 Safari/537.36"
172.19.126.7 - - [12/Apr/2021:07:12:11 +0700] "GET / HTTP/1.1" 200 3198 "-" "Mozilla/5.0 (Windows NT 6.1; Win64; x64) AppleWebKit/537.36 (KHTML, like Gecko) Chrome/89.0.4389.114 Safari/537.36"
172.19.126.7 - - [12/Apr/2021:07:12:12 +0700] "GET /icons/ubuntu-logo.png HTTP/1.1" 404 185 "-" "Mozilla/5.0 (Windows NT 6.1; Win64; x64) AppleWebKit/537.36 (KHTML, like Gecko) Chrome/89.0.4389.114 Safari/537.36"
172.19.126.7 - - [12/Apr/2021:07:12:16 +0700] "GET /favicon.ico HTTP/1.1" 404 185 "-" "Mozilla/5.0 (Windows NT 6.1; Win64; x64) AppleWebKit/537.36 (KHTML, like Gecko) Chrome/89.0.4389.114 Safari/537.36"
127.0.0.1 - - [12/Apr/2021:07:12:35 +0700] "GET / HTTP/1.0" 200 11321 "-" "check_http/v2.2 (monitoring-plugins 2.2)"
10.26.60.119 - - [12/Apr/2021:07:12:59 +0700] "GET /map/favicon.ico HTTP/1.1" 404 185 "-" "Mozilla/5.0 (Windows NT 6.1) AppleWebKit/537.36 (KHTML, like Gecko) Chrome/66.0.3359.181 YaBrowser/18.6.1.770 Yowser/2.5 Safari/537.36"
127.0.0.1 - - [12/Apr/2021:07:13:35 +0700] "GET / HTTP/1.0" 200 11321 "-" "check_http/v2.2 (monitoring-plugins 2.2)"
10.26.60.119 - - [12/Apr/2021:07:13:59 +0700] "GET /map/favicon.ico HTTP/1.1" 404 185 "-" "Mozilla/5.0 (Windows NT 6.1) AppleWebKit/537.36 (KHTML, like Gecko) Chrome/66.0.3359.181 YaBrowser/18.6.1.770 Yowser/2.5 Safari/537.36"
127.0.0.1 - - [12/Apr/2021:07:14:35 +0700] "GET / HTTP/1.0" 200 11321 "-" "check_http/v2.2 (monitoring-plugins 2.2)"
10.26.60.119 - - [12/Apr/2021:07:14:59 +0700] "GET /map/favicon.ico HTTP/1.1" 404 185 "-" "Mozilla/5.0 (Windows NT 6.1) AppleWebKit/537.36 (KHTML, like Gecko) Chrome/66.0.3359.181 YaBrowser/18.6.1.770 Yowser/2.5 Safari/537.36"
127.0.0.1 - - [12/Apr/2021:07:15:35 +0700] "GET / HTTP/1.0" 200 11321 "-" "check_http/v2.2 (monitoring-plugins 2.2)"
10.26.60.119 - - [12/Apr/2021:07:15:59 +0700] "GET /map/favicon.ico HTTP/1.1" 404 185 "-" "Mozilla/5.0 (Windows NT 6.1) AppleWebKit/537.36 (KHTML, like Gecko) Chrome/66.0.3359.181 YaBrowser/18.6.1.770 Yowser/2.5 Safari/537.36"
127.0.0.1 - - [12/Apr/2021:07:16:35 +0700] "GET / HTTP/1.0" 200 11321 "-" "check_http/v2.2 (monitoring-plugins 2.2)"
10.26.60.119 - - [12/Apr/2021:07:16:59 +0700] "GET /map/favicon.ico HTTP/1.1" 404 185 "-" "Mozilla/5.0 (Windows NT 6.1) AppleWebKit/537.36 (KHTML, like Gecko) Chrome/66.0.3359.181 YaBrowser/18.6.1.770 Yowser/2.5 Safari/537.36"
127.0.0.1 - - [12/Apr/2021:07:17:35 +0700] "GET / HTTP/1.0" 200 11321 "-" "check_http/v2.2 (monitoring-plugins 2.2)"
10.26.60.119 - - [12/Apr/2021:07:17:59 +0700] "GET /map/favicon.ico HTTP/1.1" 404 185 "-" "Mozilla/5.0 (Windows NT 6.1) AppleWebKit/537.36 (KHTML, like Gecko) Chrome/66.0.3359.181 YaBrowser/18.6.1.770 Yowser/2.5 Safari/537.36"
127.0.0.1 - - [12/Apr/2021:07:18:35 +0700] "GET / HTTP/1.0" 200 11321 "-" "check_http/v2.2 (monitoring-plugins 2.2)"
10.26.60.119 - - [12/Apr/2021:07:18:59 +0700] "GET /map/favicon.ico HTTP/1.1" 404 185 "-" "Mozilla/5.0 (Windows NT 6.1) AppleWebKit/537.36 (KHTML, like Gecko) Chrome/66.0.3359.181 YaBrowser/18.6.1.770 Yowser/2.5 Safari/537.36"
127.0.0.1 - - [12/Apr/2021:07:19:35 +0700] "GET / HTTP/1.0" 200 11321 "-" "check_http/v2.2 (monitoring-plugins 2.2)"
10.26.60.119 - - [12/Apr/2021:07:20:00 +0700] "GET /map/favicon.ico HTTP/1.1" 404 185 "-" "Mozilla/5.0 (Windows NT 6.1) AppleWebKit/537.36 (KHTML, like Gecko) Chrome/66.0.3359.181 YaBrowser/18.6.1.770 Yowser/2.5 Safari/537.36"
127.0.0.1 - - [12/Apr/2021:07:20:35 +0700] "GET / HTTP/1.0" 200 11321 "-" "check_http/v2.2 (monitoring-plugins 2.2)"
10.26.60.119 - - [12/Apr/2021:07:21:00 +0700] "GET /map/favicon.ico HTTP/1.1" 404 185 "-" "Mozilla/5.0 (Windows NT 6.1) AppleWebKit/537.36 (KHTML, like Gecko) Chrome/66.0.3359.181 YaBrowser/18.6.1.770 Yowser/2.5 Safari/537.36"
172.23.150.143 - - [12/Apr/2021:07:21:13 +0700] "GET /map/login.php HTTP/1.1" 404 153 "-" "-"
127.0.0.1 - - [12/Apr/2021:07:21:35 +0700] "GET / HTTP/1.0" 200 11321 "-" "check_http/v2.2 (monitoring-plugins 2.2)"
10.26.60.119 - - [12/Apr/2021:07:22:00 +0700] "GET /map/favicon.ico HTTP/1.1" 404 185 "-" "Mozilla/5.0 (Windows NT 6.1) AppleWebKit/537.36 (KHTML, like Gecko) Chrome/66.0.3359.181 YaBrowser/18.6.1.770 Yowser/2.5 Safari/537.36"
127.0.0.1 - - [12/Apr/2021:07:22:35 +0700] "GET / HTTP/1.0" 200 11321 "-" "check_http/v2.2 (monitoring-plugins 2.2)"
10.26.60.119 - - [12/Apr/2021:07:23:00 +0700] "GET /map/favicon.ico HTTP/1.1" 404 185 "-" "Mozilla/5.0 (Windows NT 6.1) AppleWebKit/537.36 (KHTML, like Gecko) Chrome/66.0.3359.181 YaBrowser/18.6.1.770 Yowser/2.5 Safari/537.36"
127.0.0.1 - - [12/Apr/2021:07:23:35 +0700] "GET / HTTP/1.0" 200 11321 "-" "check_http/v2.2 (monitoring-plugins 2.2)"
10.26.60.119 - - [12/Apr/2021:07:24:00 +0700] "GET /map/favicon.ico HTTP/1.1" 404 185 "-" "Mozilla/5.0 (Windows NT 6.1) AppleWebKit/537.36 (KHTML, like Gecko) Chrome/66.0.3359.181 YaBrowser/18.6.1.770 Yowser/2.5 Safari/537.36"
127.0.0.1 - - [12/Apr/2021:07:24:35 +0700] "GET / HTTP/1.0" 200 11321 "-" "check_http/v2.2 (monitoring-plugins 2.2)"
10.26.60.119 - - [12/Apr/2021:07:25:00 +0700] "GET /map/favicon.ico HTTP/1.1" 404 185 "-" "Mozilla/5.0 (Windows NT 6.1) AppleWebKit/537.36 (KHTML, like Gecko) Chrome/66.0.3359.181 YaBrowser/18.6.1.770 Yowser/2.5 Safari/537.36"
127.0.0.1 - - [12/Apr/2021:07:25:35 +0700] "GET / HTTP/1.0" 200 11321 "-" "check_http/v2.2 (monitoring-plugins 2.2)"
10.26.60.119 - - [12/Apr/2021:07:26:00 +0700] "GET /map/favicon.ico HTTP/1.1" 404 185 "-" "Mozilla/5.0 (Windows NT 6.1) AppleWebKit/537.36 (KHTML, like Gecko) Chrome/66.0.3359.181 YaBrowser/18.6.1.770 Yowser/2.5 Safari/537.36"
127.0.0.1 - - [12/Apr/2021:07:26:35 +0700] "GET / HTTP/1.0" 200 11321 "-" "check_http/v2.2 (monitoring-plugins 2.2)"
10.26.60.119 - - [12/Apr/2021:07:27:00 +0700] "GET /map/favicon.ico HTTP/1.1" 404 185 "-" "Mozilla/5.0 (Windows NT 6.1) AppleWebKit/537.36 (KHTML, like Gecko) Chrome/66.0.3359.181 YaBrowser/18.6.1.770 Yowser/2.5 Safari/537.36"
127.0.0.1 - - [12/Apr/2021:07:27:35 +0700] "GET / HTTP/1.0" 200 11321 "-" "check_http/v2.2 (monitoring-plugins 2.2)"
10.26.60.119 - - [12/Apr/2021:07:28:00 +0700] "GET /map/favicon.ico HTTP/1.1" 404 185 "-" "Mozilla/5.0 (Windows NT 6.1) AppleWebKit/537.36 (KHTML, like Gecko) Chrome/66.0.3359.181 YaBrowser/18.6.1.770 Yowser/2.5 Safari/537.36"
127.0.0.1 - - [12/Apr/2021:07:28:35 +0700] "GET / HTTP/1.0" 200 11321 "-" "check_http/v2.2 (monitoring-plugins 2.2)"
10.26.60.119 - - [12/Apr/2021:07:29:00 +0700] "GET /map/favicon.ico HTTP/1.1" 404 185 "-" "Mozilla/5.0 (Windows NT 6.1) AppleWebKit/537.36 (KHTML, like Gecko) Chrome/66.0.3359.181 YaBrowser/18.6.1.770 Yowser/2.5 Safari/537.36"
127.0.0.1 - - [12/Apr/2021:07:29:35 +0700] "GET / HTTP/1.0" 200 11321 "-" "check_http/v2.2 (monitoring-plugins 2.2)"
10.26.60.119 - - [12/Apr/2021:07:30:00 +0700] "GET /map/favicon.ico HTTP/1.1" 404 185 "-" "Mozilla/5.0 (Windows NT 6.1) AppleWebKit/537.36 (KHTML, like Gecko) Chrome/66.0.3359.181 YaBrowser/18.6.1.770 Yowser/2.5 Safari/537.36"
127.0.0.1 - - [12/Apr/2021:07:30:35 +0700] "GET / HTTP/1.0" 200 11321 "-" "check_http/v2.2 (monitoring-plugins 2.2)"
10.26.60.119 - - [12/Apr/2021:07:31:00 +0700] "GET /map/favicon.ico HTTP/1.1" 404 185 "-" "Mozilla/5.0 (Windows NT 6.1) AppleWebKit/537.36 (KHTML, like Gecko) Chrome/66.0.3359.181 YaBrowser/18.6.1.770 Yowser/2.5 Safari/537.36"
127.0.0.1 - - [12/Apr/2021:07:31:35 +0700] "GET / HTTP/1.0" 200 11321 "-" "check_http/v2.2 (monitoring-plugins 2.2)"
10.26.60.119 - - [12/Apr/2021:07:32:00 +0700] "GET /map/favicon.ico HTTP/1.1" 404 185 "-" "Mozilla/5.0 (Windows NT 6.1) AppleWebKit/537.36 (KHTML, like Gecko) Chrome/66.0.3359.181 YaBrowser/18.6.1.770 Yowser/2.5 Safari/537.36"
127.0.0.1 - - [12/Apr/2021:07:32:35 +0700] "GET / HTTP/1.0" 200 11321 "-" "check_http/v2.2 (monitoring-plugins 2.2)"
10.26.60.119 - - [12/Apr/2021:07:33:00 +0700] "GET /map/favicon.ico HTTP/1.1" 404 185 "-" "Mozilla/5.0 (Windows NT 6.1) AppleWebKit/537.36 (KHTML, like Gecko) Chrome/66.0.3359.181 YaBrowser/18.6.1.770 Yowser/2.5 Safari/537.36"
172.23.150.143 - - [12/Apr/2021:07:33:32 +0700] "GET /map/login.php HTTP/1.1" 404 153 "-" "-"
127.0.0.1 - - [12/Apr/2021:07:33:35 +0700] "GET / HTTP/1.0" 200 11321 "-" "check_http/v2.2 (monitoring-plugins 2.2)"
10.26.60.119 - - [12/Apr/2021:07:34:00 +0700] "GET /map/favicon.ico HTTP/1.1" 404 185 "-" "Mozilla/5.0 (Windows NT 6.1) AppleWebKit/537.36 (KHTML, like Gecko) Chrome/66.0.3359.181 YaBrowser/18.6.1.770 Yowser/2.5 Safari/537.36"
127.0.0.1 - - [12/Apr/2021:07:34:35 +0700] "GET / HTTP/1.0" 200 11321 "-" "check_http/v2.2 (monitoring-plugins 2.2)"
10.26.60.119 - - [12/Apr/2021:07:35:00 +0700] "GET /map/favicon.ico HTTP/1.1" 404 185 "-" "Mozilla/5.0 (Windows NT 6.1) AppleWebKit/537.36 (KHTML, like Gecko) Chrome/66.0.3359.181 YaBrowser/18.6.1.770 Yowser/2.5 Safari/537.36"
127.0.0.1 - - [12/Apr/2021:07:35:35 +0700] "GET / HTTP/1.0" 200 11321 "-" "check_http/v2.2 (monitoring-plugins 2.2)"
172.19.108.60 - - [12/Apr/2021:07:35:39 +0700] "GET /favicon.ico HTTP/1.1" 404 185 "-" "Mozilla/5.0 (Windows NT 6.1; Win64; x64) AppleWebKit/537.36 (KHTML, like Gecko) Chrome/89.0.4389.86 YaBrowser/21.3.0.663 Yowser/2.5 Safari/537.36"
10.26.60.119 - - [12/Apr/2021:07:36:00 +0700] "GET /map/favicon.ico HTTP/1.1" 404 185 "-" "Mozilla/5.0 (Windows NT 6.1) AppleWebKit/537.36 (KHTML, like Gecko) Chrome/66.0.3359.181 YaBrowser/18.6.1.770 Yowser/2.5 Safari/537.36"
127.0.0.1 - - [12/Apr/2021:07:36:35 +0700] "GET / HTTP/1.0" 200 11321 "-" "check_http/v2.2 (monitoring-plugins 2.2)"
172.23.151.245 - - [12/Apr/2021:07:36:43 +0700] "GET /map/ HTTP/1.1" 404 185 "-" "Mozilla/4.0 (compatible; MSIE 7.0; Windows NT 6.1; WOW64; Trident/7.0; SLCC2; .NET CLR 2.0.50727; .NET CLR 3.5.30729; .NET CLR 3.0.30729; Media Center PC 6.0; InfoPath.3; .NET4.0C; .NET4.0E)"
10.26.60.119 - - [12/Apr/2021:07:37:00 +0700] "GET /map/favicon.ico HTTP/1.1" 404 185 "-" "Mozilla/5.0 (Windows NT 6.1) AppleWebKit/537.36 (KHTML, like Gecko) Chrome/66.0.3359.181 YaBrowser/18.6.1.770 Yowser/2.5 Safari/537.36"
127.0.0.1 - - [12/Apr/2021:07:37:35 +0700] "GET / HTTP/1.0" 200 11321 "-" "check_http/v2.2 (monitoring-plugins 2.2)"
10.26.60.119 - - [12/Apr/2021:07:38:00 +0700] "GET /map/favicon.ico HTTP/1.1" 404 185 "-" "Mozilla/5.0 (Windows NT 6.1) AppleWebKit/537.36 (KHTML, like Gecko) Chrome/66.0.3359.181 YaBrowser/18.6.1.770 Yowser/2.5 Safari/537.36"
127.0.0.1 - - [12/Apr/2021:07:38:35 +0700] "GET / HTTP/1.0" 200 11321 "-" "check_http/v2.2 (monitoring-plugins 2.2)"
10.26.60.119 - - [12/Apr/2021:07:39:00 +0700] "GET /map/favicon.ico HTTP/1.1" 404 185 "-" "Mozilla/5.0 (Windows NT 6.1) AppleWebKit/537.36 (KHTML, like Gecko) Chrome/66.0.3359.181 YaBrowser/18.6.1.770 Yowser/2.5 Safari/537.36"
127.0.0.1 - - [12/Apr/2021:07:39:35 +0700] "GET / HTTP/1.0" 200 11321 "-" "check_http/v2.2 (monitoring-plugins 2.2)"
172.19.149.143 - - [12/Apr/2021:07:39:55 +0700] "GET /favicon.ico HTTP/1.1" 404 185 "-" "Mozilla/5.0 (Windows NT 6.1) AppleWebKit/537.36 (KHTML, like Gecko) Chrome/89.0.4389.86 YaBrowser/21.3.1.81 Yowser/2.5 Safari/537.36"
10.26.60.119 - - [12/Apr/2021:07:40:00 +0700] "GET /map/favicon.ico HTTP/1.1" 404 185 "-" "Mozilla/5.0 (Windows NT 6.1) AppleWebKit/537.36 (KHTML, like Gecko) Chrome/66.0.3359.181 YaBrowser/18.6.1.770 Yowser/2.5 Safari/537.36"
127.0.0.1 - - [12/Apr/2021:07:40:35 +0700] "GET / HTTP/1.0" 200 11321 "-" "check_http/v2.2 (monitoring-plugins 2.2)"
10.26.60.119 - - [12/Apr/2021:07:41:00 +0700] "GET /map/favicon.ico HTTP/1.1" 404 185 "-" "Mozilla/5.0 (Windows NT 6.1) AppleWebKit/537.36 (KHTML, like Gecko) Chrome/66.0.3359.181 YaBrowser/18.6.1.770 Yowser/2.5 Safari/537.36"
127.0.0.1 - - [12/Apr/2021:07:41:35 +0700] "GET / HTTP/1.0" 200 11321 "-" "check_http/v2.2 (monitoring-plugins 2.2)"
10.26.60.119 - - [12/Apr/2021:07:42:01 +0700] "GET /map/favicon.ico HTTP/1.1" 404 185 "-" "Mozilla/5.0 (Windows NT 6.1) AppleWebKit/537.36 (KHTML, like Gecko) Chrome/66.0.3359.181 YaBrowser/18.6.1.770 Yowser/2.5 Safari/537.36"
127.0.0.1 - - [12/Apr/2021:07:42:35 +0700] "GET / HTTP/1.0" 200 11321 "-" "check_http/v2.2 (monitoring-plugins 2.2)"
10.26.60.119 - - [12/Apr/2021:07:43:01 +0700] "GET /map/favicon.ico HTTP/1.1" 404 185 "-" "Mozilla/5.0 (Windows NT 6.1) AppleWebKit/537.36 (KHTML, like Gecko) Chrome/66.0.3359.181 YaBrowser/18.6.1.770 Yowser/2.5 Safari/537.36"
127.0.0.1 - - [12/Apr/2021:07:43:35 +0700] "GET / HTTP/1.0" 200 11321 "-" "check_http/v2.2 (monitoring-plugins 2.2)"
10.26.60.119 - - [12/Apr/2021:07:44:01 +0700] "GET /map/favicon.ico HTTP/1.1" 404 185 "-" "Mozilla/5.0 (Windows NT 6.1) AppleWebKit/537.36 (KHTML, like Gecko) Chrome/66.0.3359.181 YaBrowser/18.6.1.770 Yowser/2.5 Safari/537.36"
127.0.0.1 - - [12/Apr/2021:07:44:35 +0700] "GET / HTTP/1.0" 200 11321 "-" "check_http/v2.2 (monitoring-plugins 2.2)"
10.26.60.119 - - [12/Apr/2021:07:45:01 +0700] "GET /map/favicon.ico HTTP/1.1" 404 185 "-" "Mozilla/5.0 (Windows NT 6.1) AppleWebKit/537.36 (KHTML, like Gecko) Chrome/66.0.3359.181 YaBrowser/18.6.1.770 Yowser/2.5 Safari/537.36"
127.0.0.1 - - [12/Apr/2021:07:45:35 +0700] "GET / HTTP/1.0" 200 11321 "-" "check_http/v2.2 (monitoring-plugins 2.2)"
10.26.60.119 - - [12/Apr/2021:07:46:01 +0700] "GET /map/favicon.ico HTTP/1.1" 404 185 "-" "Mozilla/5.0 (Windows NT 6.1) AppleWebKit/537.36 (KHTML, like Gecko) Chrome/66.0.3359.181 YaBrowser/18.6.1.770 Yowser/2.5 Safari/537.36"
127.0.0.1 - - [12/Apr/2021:07:46:35 +0700] "GET / HTTP/1.0" 200 11321 "-" "check_http/v2.2 (monitoring-plugins 2.2)"
10.26.60.119 - - [12/Apr/2021:07:47:01 +0700] "GET /map/favicon.ico HTTP/1.1" 404 185 "-" "Mozilla/5.0 (Windows NT 6.1) AppleWebKit/537.36 (KHTML, like Gecko) Chrome/66.0.3359.181 YaBrowser/18.6.1.770 Yowser/2.5 Safari/537.36"
127.0.0.1 - - [12/Apr/2021:07:47:35 +0700] "GET / HTTP/1.0" 200 11321 "-" "check_http/v2.2 (monitoring-plugins 2.2)"
10.26.60.119 - - [12/Apr/2021:07:48:01 +0700] "GET /map/favicon.ico HTTP/1.1" 404 185 "-" "Mozilla/5.0 (Windows NT 6.1) AppleWebKit/537.36 (KHTML, like Gecko) Chrome/66.0.3359.181 YaBrowser/18.6.1.770 Yowser/2.5 Safari/537.36"
127.0.0.1 - - [12/Apr/2021:07:48:35 +0700] "GET / HTTP/1.0" 200 11321 "-" "check_http/v2.2 (monitoring-plugins 2.2)"
10.26.60.119 - - [12/Apr/2021:07:49:01 +0700] "GET /map/favicon.ico HTTP/1.1" 404 185 "-" "Mozilla/5.0 (Windows NT 6.1) AppleWebKit/537.36 (KHTML, like Gecko) Chrome/66.0.3359.181 YaBrowser/18.6.1.770 Yowser/2.5 Safari/537.36"
127.0.0.1 - - [12/Apr/2021:07:49:35 +0700] "GET / HTTP/1.0" 200 11321 "-" "check_http/v2.2 (monitoring-plugins 2.2)"
10.26.60.119 - - [12/Apr/2021:07:50:02 +0700] "GET /map/favicon.ico HTTP/1.1" 404 185 "-" "Mozilla/5.0 (Windows NT 6.1) AppleWebKit/537.36 (KHTML, like Gecko) Chrome/66.0.3359.181 YaBrowser/18.6.1.770 Yowser/2.5 Safari/537.36"
127.0.0.1 - - [12/Apr/2021:07:50:35 +0700] "GET / HTTP/1.0" 200 11321 "-" "check_http/v2.2 (monitoring-plugins 2.2)"
10.26.60.119 - - [12/Apr/2021:07:51:02 +0700] "GET /map/favicon.ico HTTP/1.1" 404 185 "-" "Mozilla/5.0 (Windows NT 6.1) AppleWebKit/537.36 (KHTML, like Gecko) Chrome/66.0.3359.181 YaBrowser/18.6.1.770 Yowser/2.5 Safari/537.36"
127.0.0.1 - - [12/Apr/2021:07:51:35 +0700] "GET / HTTP/1.0" 200 11321 "-" "check_http/v2.2 (monitoring-plugins 2.2)"
10.26.60.119 - - [12/Apr/2021:07:52:01 +0700] "GET /map/favicon.ico HTTP/1.1" 404 185 "-" "Mozilla/5.0 (Windows NT 6.1) AppleWebKit/537.36 (KHTML, like Gecko) Chrome/66.0.3359.181 YaBrowser/18.6.1.770 Yowser/2.5 Safari/537.36"
127.0.0.1 - - [12/Apr/2021:07:52:35 +0700] "GET / HTTP/1.0" 200 11321 "-" "check_http/v2.2 (monitoring-plugins 2.2)"
10.26.60.119 - - [12/Apr/2021:07:53:01 +0700] "GET /map/favicon.ico HTTP/1.1" 404 185 "-" "Mozilla/5.0 (Windows NT 6.1) AppleWebKit/537.36 (KHTML, like Gecko) Chrome/66.0.3359.181 YaBrowser/18.6.1.770 Yowser/2.5 Safari/537.36"
127.0.0.1 - - [12/Apr/2021:07:53:35 +0700] "GET / HTTP/1.0" 200 11321 "-" "check_http/v2.2 (monitoring-plugins 2.2)"
10.26.60.119 - - [12/Apr/2021:07:54:01 +0700] "GET /map/favicon.ico HTTP/1.1" 404 185 "-" "Mozilla/5.0 (Windows NT 6.1) AppleWebKit/537.36 (KHTML, like Gecko) Chrome/66.0.3359.181 YaBrowser/18.6.1.770 Yowser/2.5 Safari/537.36"
127.0.0.1 - - [12/Apr/2021:07:54:35 +0700] "GET / HTTP/1.0" 200 11321 "-" "check_http/v2.2 (monitoring-plugins 2.2)"
10.26.60.119 - - [12/Apr/2021:07:55:01 +0700] "GET /map/favicon.ico HTTP/1.1" 404 185 "-" "Mozilla/5.0 (Windows NT 6.1) AppleWebKit/537.36 (KHTML, like Gecko) Chrome/66.0.3359.181 YaBrowser/18.6.1.770 Yowser/2.5 Safari/537.36"
127.0.0.1 - - [12/Apr/2021:07:55:35 +0700] "GET / HTTP/1.0" 200 11321 "-" "check_http/v2.2 (monitoring-plugins 2.2)"
10.26.60.119 - - [12/Apr/2021:07:56:01 +0700] "GET /map/favicon.ico HTTP/1.1" 404 185 "-" "Mozilla/5.0 (Windows NT 6.1) AppleWebKit/537.36 (KHTML, like Gecko) Chrome/66.0.3359.181 YaBrowser/18.6.1.770 Yowser/2.5 Safari/537.36"
127.0.0.1 - - [12/Apr/2021:07:56:35 +0700] "GET / HTTP/1.0" 200 11321 "-" "check_http/v2.2 (monitoring-plugins 2.2)"
10.26.60.119 - - [12/Apr/2021:07:57:01 +0700] "GET /map/favicon.ico HTTP/1.1" 404 185 "-" "Mozilla/5.0 (Windows NT 6.1) AppleWebKit/537.36 (KHTML, like Gecko) Chrome/66.0.3359.181 YaBrowser/18.6.1.770 Yowser/2.5 Safari/537.36"
127.0.0.1 - - [12/Apr/2021:07:57:35 +0700] "GET / HTTP/1.0" 200 11321 "-" "check_http/v2.2 (monitoring-plugins 2.2)"
10.26.60.119 - - [12/Apr/2021:07:58:02 +0700] "GET /map/favicon.ico HTTP/1.1" 404 185 "-" "Mozilla/5.0 (Windows NT 6.1) AppleWebKit/537.36 (KHTML, like Gecko) Chrome/66.0.3359.181 YaBrowser/18.6.1.770 Yowser/2.5 Safari/537.36"
127.0.0.1 - - [12/Apr/2021:07:58:35 +0700] "GET / HTTP/1.0" 200 11321 "-" "check_http/v2.2 (monitoring-plugins 2.2)"
10.26.60.119 - - [12/Apr/2021:07:59:02 +0700] "GET /map/favicon.ico HTTP/1.1" 404 185 "-" "Mozilla/5.0 (Windows NT 6.1) AppleWebKit/537.36 (KHTML, like Gecko) Chrome/66.0.3359.181 YaBrowser/18.6.1.770 Yowser/2.5 Safari/537.36"
127.0.0.1 - - [12/Apr/2021:07:59:35 +0700] "GET / HTTP/1.0" 200 11321 "-" "check_http/v2.2 (monitoring-plugins 2.2)"
10.26.60.119 - - [12/Apr/2021:08:00:02 +0700] "GET /map/favicon.ico HTTP/1.1" 404 185 "-" "Mozilla/5.0 (Windows NT 6.1) AppleWebKit/537.36 (KHTML, like Gecko) Chrome/66.0.3359.181 YaBrowser/18.6.1.770 Yowser/2.5 Safari/537.36"
127.0.0.1 - - [12/Apr/2021:08:00:35 +0700] "GET / HTTP/1.0" 200 11321 "-" "check_http/v2.2 (monitoring-plugins 2.2)"
10.26.60.119 - - [12/Apr/2021:08:01:02 +0700] "GET /map/favicon.ico HTTP/1.1" 404 185 "-" "Mozilla/5.0 (Windows NT 6.1) AppleWebKit/537.36 (KHTML, like Gecko) Chrome/66.0.3359.181 YaBrowser/18.6.1.770 Yowser/2.5 Safari/537.36"
127.0.0.1 - - [12/Apr/2021:08:01:35 +0700] "GET / HTTP/1.0" 200 11321 "-" "check_http/v2.2 (monitoring-plugins 2.2)"
10.26.60.119 - - [12/Apr/2021:08:02:02 +0700] "GET /map/favicon.ico HTTP/1.1" 404 185 "-" "Mozilla/5.0 (Windows NT 6.1) AppleWebKit/537.36 (KHTML, like Gecko) Chrome/66.0.3359.181 YaBrowser/18.6.1.770 Yowser/2.5 Safari/537.36"
127.0.0.1 - - [12/Apr/2021:08:02:35 +0700] "GET / HTTP/1.0" 200 11321 "-" "check_http/v2.2 (monitoring-plugins 2.2)"
10.26.60.119 - - [12/Apr/2021:08:03:02 +0700] "GET /map/favicon.ico HTTP/1.1" 404 185 "-" "Mozilla/5.0 (Windows NT 6.1) AppleWebKit/537.36 (KHTML, like Gecko) Chrome/66.0.3359.181 YaBrowser/18.6.1.770 Yowser/2.5 Safari/537.36"
127.0.0.1 - - [12/Apr/2021:08:03:35 +0700] "GET / HTTP/1.0" 200 11321 "-" "check_http/v2.2 (monitoring-plugins 2.2)"
10.26.60.119 - - [12/Apr/2021:08:04:02 +0700] "GET /map/favicon.ico HTTP/1.1" 404 185 "-" "Mozilla/5.0 (Windows NT 6.1) AppleWebKit/537.36 (KHTML, like Gecko) Chrome/66.0.3359.181 YaBrowser/18.6.1.770 Yowser/2.5 Safari/537.36"
127.0.0.1 - - [12/Apr/2021:08:04:35 +0700] "GET / HTTP/1.0" 200 11321 "-" "check_http/v2.2 (monitoring-plugins 2.2)"
10.26.60.119 - - [12/Apr/2021:08:05:02 +0700] "GET /map/favicon.ico HTTP/1.1" 404 185 "-" "Mozilla/5.0 (Windows NT 6.1) AppleWebKit/537.36 (KHTML, like Gecko) Chrome/66.0.3359.181 YaBrowser/18.6.1.770 Yowser/2.5 Safari/537.36"
127.0.0.1 - - [12/Apr/2021:08:05:35 +0700] "GET / HTTP/1.0" 200 11321 "-" "check_http/v2.2 (monitoring-plugins 2.2)"
10.26.60.119 - - [12/Apr/2021:08:06:02 +0700] "GET /map/favicon.ico HTTP/1.1" 404 185 "-" "Mozilla/5.0 (Windows NT 6.1) AppleWebKit/537.36 (KHTML, like Gecko) Chrome/66.0.3359.181 YaBrowser/18.6.1.770 Yowser/2.5 Safari/537.36"
127.0.0.1 - - [12/Apr/2021:08:06:35 +0700] "GET / HTTP/1.0" 200 11321 "-" "check_http/v2.2 (monitoring-plugins 2.2)"
10.26.60.119 - - [12/Apr/2021:08:07:02 +0700] "GET /map/favicon.ico HTTP/1.1" 404 185 "-" "Mozilla/5.0 (Windows NT 6.1) AppleWebKit/537.36 (KHTML, like Gecko) Chrome/66.0.3359.181 YaBrowser/18.6.1.770 Yowser/2.5 Safari/537.36"
127.0.0.1 - - [12/Apr/2021:08:07:35 +0700] "GET / HTTP/1.0" 200 11321 "-" "check_http/v2.2 (monitoring-plugins 2.2)"
10.26.60.119 - - [12/Apr/2021:08:08:02 +0700] "GET /map/favicon.ico HTTP/1.1" 404 185 "-" "Mozilla/5.0 (Windows NT 6.1) AppleWebKit/537.36 (KHTML, like Gecko) Chrome/66.0.3359.181 YaBrowser/18.6.1.770 Yowser/2.5 Safari/537.36"
127.0.0.1 - - [12/Apr/2021:08:08:35 +0700] "GET / HTTP/1.0" 200 11321 "-" "check_http/v2.2 (monitoring-plugins 2.2)"
10.26.60.119 - - [12/Apr/2021:08:09:02 +0700] "GET /map/favicon.ico HTTP/1.1" 404 185 "-" "Mozilla/5.0 (Windows NT 6.1) AppleWebKit/537.36 (KHTML, like Gecko) Chrome/66.0.3359.181 YaBrowser/18.6.1.770 Yowser/2.5 Safari/537.36"
172.27.3.42 - - [12/Apr/2021:08:09:11 +0700] "GET / HTTP/1.1" 200 3198 "-" "Mozilla/5.0 (Windows NT 6.1; rv:87.0) Gecko/20100101 Firefox/87.0"
172.27.3.42 - - [12/Apr/2021:08:09:13 +0700] "GET /favicon.ico HTTP/1.1" 404 124 "-" "Mozilla/5.0 (Windows NT 6.1; rv:87.0) Gecko/20100101 Firefox/87.0"
172.26.65.35 - - [12/Apr/2021:08:09:21 +0700] "GET /map/index.php HTTP/1.1" 404 124 "-" "Mozilla/5.0 (Windows NT 6.1; rv:87.0) Gecko/20100101 Firefox/87.0"
172.26.65.35 - - [12/Apr/2021:08:09:23 +0700] "GET /favicon.ico HTTP/1.1" 404 124 "http://mrgis02.mrsks.local/map/index.php" "Mozilla/5.0 (Windows NT 6.1; rv:87.0) Gecko/20100101 Firefox/87.0"
127.0.0.1 - - [12/Apr/2021:08:09:35 +0700] "GET / HTTP/1.0" 200 11321 "-" "check_http/v2.2 (monitoring-plugins 2.2)"
176.126.240.234 - - [12/Apr/2021:08:09:53 +0700] "GET / HTTP/1.1" 200 3198 "https://193-105-198-58-ref.ipmap.io/ref" "Mozilla/5.0 (X11; Linux x86_64; rv:73.0) Gecko/20100101 Firefox/73.0 root@user-agent.ipmap.io"
10.26.60.119 - - [12/Apr/2021:08:10:02 +0700] "GET /map/favicon.ico HTTP/1.1" 404 185 "-" "Mozilla/5.0 (Windows NT 6.1) AppleWebKit/537.36 (KHTML, like Gecko) Chrome/66.0.3359.181 YaBrowser/18.6.1.770 Yowser/2.5 Safari/537.36"
127.0.0.1 - - [12/Apr/2021:08:10:35 +0700] "GET / HTTP/1.0" 200 11321 "-" "check_http/v2.2 (monitoring-plugins 2.2)"
10.26.60.119 - - [12/Apr/2021:08:11:02 +0700] "GET /map/favicon.ico HTTP/1.1" 404 185 "-" "Mozilla/5.0 (Windows NT 6.1) AppleWebKit/537.36 (KHTML, like Gecko) Chrome/66.0.3359.181 YaBrowser/18.6.1.770 Yowser/2.5 Safari/537.36"
127.0.0.1 - - [12/Apr/2021:08:11:35 +0700] "GET / HTTP/1.0" 200 11321 "-" "check_http/v2.2 (monitoring-plugins 2.2)"
10.26.60.119 - - [12/Apr/2021:08:12:02 +0700] "GET /map/favicon.ico HTTP/1.1" 404 185 "-" "Mozilla/5.0 (Windows NT 6.1) AppleWebKit/537.36 (KHTML, like Gecko) Chrome/66.0.3359.181 YaBrowser/18.6.1.770 Yowser/2.5 Safari/537.36"
127.0.0.1 - - [12/Apr/2021:08:12:35 +0700] "GET / HTTP/1.0" 200 11321 "-" "check_http/v2.2 (monitoring-plugins 2.2)"
10.26.60.119 - - [12/Apr/2021:08:13:02 +0700] "GET /map/favicon.ico HTTP/1.1" 404 185 "-" "Mozilla/5.0 (Windows NT 6.1) AppleWebKit/537.36 (KHTML, like Gecko) Chrome/66.0.3359.181 YaBrowser/18.6.1.770 Yowser/2.5 Safari/537.36"
127.0.0.1 - - [12/Apr/2021:08:13:35 +0700] "GET / HTTP/1.0" 200 11321 "-" "check_http/v2.2 (monitoring-plugins 2.2)"
10.26.60.119 - - [12/Apr/2021:08:14:03 +0700] "GET /map/favicon.ico HTTP/1.1" 404 185 "-" "Mozilla/5.0 (Windows NT 6.1) AppleWebKit/537.36 (KHTML, like Gecko) Chrome/66.0.3359.181 YaBrowser/18.6.1.770 Yowser/2.5 Safari/537.36"
66.240.205.34 - - [12/Apr/2021:08:14:10 +0700] "Gh0st\xAD\x00\x00\x00\xE0\x00\x00\x00x\x9CKS``\x98\xC3\xC0\xC0\xC0\x06\xC4\x8C@\xBCQ\x96\x81\x81\x09H\x07\xA7\x16\x95e&\xA7*\x04$&g+\x182\x94\xF6\xB000\xAC\xA8rc\x00\x01\x11\xA0\x82\x1F\x5C`&\x83\xC7K7\x86\x19\xE5n\x0C9\x95n\x0C;\x84\x0F3\xAC\xE8sch\xA8^\xCF4'J\x97\xA9\x82\xE30\xC3\x91h]&\x90\xF8\xCE\x97S\xCBA4L?2=\xE1\xC4\x92\x86\x0B@\xF5`\x0CT\x1F\xAE\xAF]" 400 157 "-" "-"
127.0.0.1 - - [12/Apr/2021:08:14:35 +0700] "GET / HTTP/1.0" 200 11321 "-" "check_http/v2.2 (monitoring-plugins 2.2)"
10.26.60.119 - - [12/Apr/2021:08:15:03 +0700] "GET /map/favicon.ico HTTP/1.1" 404 185 "-" "Mozilla/5.0 (Windows NT 6.1) AppleWebKit/537.36 (KHTML, like Gecko) Chrome/66.0.3359.181 YaBrowser/18.6.1.770 Yowser/2.5 Safari/537.36"
127.0.0.1 - - [12/Apr/2021:08:15:35 +0700] "GET / HTTP/1.0" 200 11321 "-" "check_http/v2.2 (monitoring-plugins 2.2)"
10.26.60.119 - - [12/Apr/2021:08:16:03 +0700] "GET /map/favicon.ico HTTP/1.1" 404 185 "-" "Mozilla/5.0 (Windows NT 6.1) AppleWebKit/537.36 (KHTML, like Gecko) Chrome/66.0.3359.181 YaBrowser/18.6.1.770 Yowser/2.5 Safari/537.36"
127.0.0.1 - - [12/Apr/2021:08:16:35 +0700] "GET / HTTP/1.0" 200 11321 "-" "check_http/v2.2 (monitoring-plugins 2.2)"
10.26.60.119 - - [12/Apr/2021:08:17:03 +0700] "GET /map/favicon.ico HTTP/1.1" 404 185 "-" "Mozilla/5.0 (Windows NT 6.1) AppleWebKit/537.36 (KHTML, like Gecko) Chrome/66.0.3359.181 YaBrowser/18.6.1.770 Yowser/2.5 Safari/537.36"
127.0.0.1 - - [12/Apr/2021:08:17:35 +0700] "GET / HTTP/1.0" 200 11321 "-" "check_http/v2.2 (monitoring-plugins 2.2)"
10.26.60.119 - - [12/Apr/2021:08:18:04 +0700] "GET /map/favicon.ico HTTP/1.1" 404 185 "-" "Mozilla/5.0 (Windows NT 6.1) AppleWebKit/537.36 (KHTML, like Gecko) Chrome/66.0.3359.181 YaBrowser/18.6.1.770 Yowser/2.5 Safari/537.36"
127.0.0.1 - - [12/Apr/2021:08:18:35 +0700] "GET / HTTP/1.0" 200 11321 "-" "check_http/v2.2 (monitoring-plugins 2.2)"
66.249.68.76 - - [12/Apr/2021:08:18:42 +0700] "GET / HTTP/1.1" 200 3198 "-" "Mozilla/5.0 (Linux; Android 6.0.1; Nexus 5X Build/MMB29P) AppleWebKit/537.36 (KHTML, like Gecko) Chrome/89.0.4389.125 Mobile Safari/537.36 (compatible; Googlebot/2.1; +http://www.google.com/bot.html)"
10.26.60.119 - - [12/Apr/2021:08:19:04 +0700] "GET /map/favicon.ico HTTP/1.1" 404 185 "-" "Mozilla/5.0 (Windows NT 6.1) AppleWebKit/537.36 (KHTML, like Gecko) Chrome/66.0.3359.181 YaBrowser/18.6.1.770 Yowser/2.5 Safari/537.36"
127.0.0.1 - - [12/Apr/2021:08:19:35 +0700] "GET / HTTP/1.0" 200 11321 "-" "check_http/v2.2 (monitoring-plugins 2.2)"
10.26.60.119 - - [12/Apr/2021:08:20:04 +0700] "GET /map/favicon.ico HTTP/1.1" 404 185 "-" "Mozilla/5.0 (Windows NT 6.1) AppleWebKit/537.36 (KHTML, like Gecko) Chrome/66.0.3359.181 YaBrowser/18.6.1.770 Yowser/2.5 Safari/537.36"
172.26.55.39 - - [12/Apr/2021:08:20:06 +0700] "GET /map/index.php HTTP/1.1" 404 124 "-" "Mozilla/5.0 (Windows NT 6.1; rv:87.0) Gecko/20100101 Firefox/87.0"
172.26.55.39 - - [12/Apr/2021:08:20:10 +0700] "GET /favicon.ico HTTP/1.1" 404 124 "http://mrgis02.mrsks.local/map/index.php" "Mozilla/5.0 (Windows NT 6.1; rv:87.0) Gecko/20100101 Firefox/87.0"
127.0.0.1 - - [12/Apr/2021:08:20:35 +0700] "GET / HTTP/1.0" 200 11321 "-" "check_http/v2.2 (monitoring-plugins 2.2)"
10.26.60.119 - - [12/Apr/2021:08:21:04 +0700] "GET /map/favicon.ico HTTP/1.1" 404 185 "-" "Mozilla/5.0 (Windows NT 6.1) AppleWebKit/537.36 (KHTML, like Gecko) Chrome/66.0.3359.181 YaBrowser/18.6.1.770 Yowser/2.5 Safari/537.36"
127.0.0.1 - - [12/Apr/2021:08:21:35 +0700] "GET / HTTP/1.0" 200 11321 "-" "check_http/v2.2 (monitoring-plugins 2.2)"
10.26.60.119 - - [12/Apr/2021:08:22:04 +0700] "GET /map/favicon.ico HTTP/1.1" 404 185 "-" "Mozilla/5.0 (Windows NT 6.1) AppleWebKit/537.36 (KHTML, like Gecko) Chrome/66.0.3359.181 YaBrowser/18.6.1.770 Yowser/2.5 Safari/537.36"
127.0.0.1 - - [12/Apr/2021:08:22:35 +0700] "GET / HTTP/1.0" 200 11321 "-" "check_http/v2.2 (monitoring-plugins 2.2)"
10.26.60.119 - - [12/Apr/2021:08:23:04 +0700] "GET /map/favicon.ico HTTP/1.1" 404 185 "-" "Mozilla/5.0 (Windows NT 6.1) AppleWebKit/537.36 (KHTML, like Gecko) Chrome/66.0.3359.181 YaBrowser/18.6.1.770 Yowser/2.5 Safari/537.36"
127.0.0.1 - - [12/Apr/2021:08:23:35 +0700] "GET / HTTP/1.0" 200 11321 "-" "check_http/v2.2 (monitoring-plugins 2.2)"
10.26.60.119 - - [12/Apr/2021:08:24:05 +0700] "GET /map/favicon.ico HTTP/1.1" 404 185 "-" "Mozilla/5.0 (Windows NT 6.1) AppleWebKit/537.36 (KHTML, like Gecko) Chrome/66.0.3359.181 YaBrowser/18.6.1.770 Yowser/2.5 Safari/537.36"
127.0.0.1 - - [12/Apr/2021:08:24:35 +0700] "GET / HTTP/1.0" 200 11321 "-" "check_http/v2.2 (monitoring-plugins 2.2)"
10.26.60.119 - - [12/Apr/2021:08:25:05 +0700] "GET /map/favicon.ico HTTP/1.1" 404 185 "-" "Mozilla/5.0 (Windows NT 6.1) AppleWebKit/537.36 (KHTML, like Gecko) Chrome/66.0.3359.181 YaBrowser/18.6.1.770 Yowser/2.5 Safari/537.36"
127.0.0.1 - - [12/Apr/2021:08:25:35 +0700] "GET / HTTP/1.0" 200 11321 "-" "check_http/v2.2 (monitoring-plugins 2.2)"
172.19.112.5 - - [12/Apr/2021:08:25:49 +0700] "GET /map/index.php HTTP/1.1" 404 185 "-" "Mozilla/5.0 (Windows NT 6.1; Win64; x64) AppleWebKit/537.36 (KHTML, like Gecko) Chrome/89.0.4389.114 Safari/537.36"
172.19.112.5 - - [12/Apr/2021:08:25:50 +0700] "GET /favicon.ico HTTP/1.1" 404 185 "http://mrgis02.mrsks.local/map/index.php" "Mozilla/5.0 (Windows NT 6.1; Win64; x64) AppleWebKit/537.36 (KHTML, like Gecko) Chrome/89.0.4389.114 Safari/537.36"
10.26.60.119 - - [12/Apr/2021:08:26:05 +0700] "GET /map/favicon.ico HTTP/1.1" 404 185 "-" "Mozilla/5.0 (Windows NT 6.1) AppleWebKit/537.36 (KHTML, like Gecko) Chrome/66.0.3359.181 YaBrowser/18.6.1.770 Yowser/2.5 Safari/537.36"
172.19.112.5 - - [12/Apr/2021:08:26:06 +0700] "GET /map/index.php HTTP/1.1" 404 185 "-" "Mozilla/5.0 (Windows NT 6.1; Win64; x64) AppleWebKit/537.36 (KHTML, like Gecko) Chrome/89.0.4389.114 Safari/537.36"
172.19.112.5 - - [12/Apr/2021:08:26:06 +0700] "GET /favicon.ico HTTP/1.1" 404 185 "http://mrgis02.mrsks.local/map/index.php" "Mozilla/5.0 (Windows NT 6.1; Win64; x64) AppleWebKit/537.36 (KHTML, like Gecko) Chrome/89.0.4389.114 Safari/537.36"
172.19.112.5 - - [12/Apr/2021:08:26:21 +0700] "GET /map/ HTTP/1.1" 404 185 "-" "Mozilla/5.0 (Windows NT 6.1; Win64; x64) AppleWebKit/537.36 (KHTML, like Gecko) Chrome/89.0.4389.114 Safari/537.36"
172.19.112.5 - - [12/Apr/2021:08:26:21 +0700] "GET /favicon.ico HTTP/1.1" 404 185 "http://mrgis02.mrsks.local/map/" "Mozilla/5.0 (Windows NT 6.1; Win64; x64) AppleWebKit/537.36 (KHTML, like Gecko) Chrome/89.0.4389.114 Safari/537.36"
127.0.0.1 - - [12/Apr/2021:08:26:35 +0700] "GET / HTTP/1.0" 200 11321 "-" "check_http/v2.2 (monitoring-plugins 2.2)"
172.19.112.5 - - [12/Apr/2021:08:26:43 +0700] "GET /map/index.php HTTP/1.1" 404 185 "-" "Mozilla/5.0 (Windows NT 6.1; Win64; x64) AppleWebKit/537.36 (KHTML, like Gecko) Chrome/89.0.4389.114 Safari/537.36"
172.19.112.5 - - [12/Apr/2021:08:26:44 +0700] "GET /favicon.ico HTTP/1.1" 404 185 "http://mrgis02.mrsks.local/map/index.php" "Mozilla/5.0 (Windows NT 6.1; Win64; x64) AppleWebKit/537.36 (KHTML, like Gecko) Chrome/89.0.4389.114 Safari/537.36"
10.26.60.119 - - [12/Apr/2021:08:27:05 +0700] "GET /map/favicon.ico HTTP/1.1" 404 185 "-" "Mozilla/5.0 (Windows NT 6.1) AppleWebKit/537.36 (KHTML, like Gecko) Chrome/66.0.3359.181 YaBrowser/18.6.1.770 Yowser/2.5 Safari/537.36"
127.0.0.1 - - [12/Apr/2021:08:27:35 +0700] "GET / HTTP/1.0" 200 11321 "-" "check_http/v2.2 (monitoring-plugins 2.2)"
10.26.60.119 - - [12/Apr/2021:08:28:06 +0700] "GET /map/favicon.ico HTTP/1.1" 404 185 "-" "Mozilla/5.0 (Windows NT 6.1) AppleWebKit/537.36 (KHTML, like Gecko) Chrome/66.0.3359.181 YaBrowser/18.6.1.770 Yowser/2.5 Safari/537.36"
127.0.0.1 - - [12/Apr/2021:08:28:35 +0700] "GET / HTTP/1.0" 200 11321 "-" "check_http/v2.2 (monitoring-plugins 2.2)"
10.26.60.119 - - [12/Apr/2021:08:29:06 +0700] "GET /map/favicon.ico HTTP/1.1" 404 185 "-" "Mozilla/5.0 (Windows NT 6.1) AppleWebKit/537.36 (KHTML, like Gecko) Chrome/66.0.3359.181 YaBrowser/18.6.1.770 Yowser/2.5 Safari/537.36"
127.0.0.1 - - [12/Apr/2021:08:29:35 +0700] "GET / HTTP/1.0" 200 11321 "-" "check_http/v2.2 (monitoring-plugins 2.2)"
10.26.60.119 - - [12/Apr/2021:08:30:06 +0700] "GET /map/favicon.ico HTTP/1.1" 404 185 "-" "Mozilla/5.0 (Windows NT 6.1) AppleWebKit/537.36 (KHTML, like Gecko) Chrome/66.0.3359.181 YaBrowser/18.6.1.770 Yowser/2.5 Safari/537.36"
127.0.0.1 - - [12/Apr/2021:08:30:35 +0700] "GET / HTTP/1.0" 200 11321 "-" "check_http/v2.2 (monitoring-plugins 2.2)"
10.26.60.119 - - [12/Apr/2021:08:31:06 +0700] "GET /map/favicon.ico HTTP/1.1" 404 185 "-" "Mozilla/5.0 (Windows NT 6.1) AppleWebKit/537.36 (KHTML, like Gecko) Chrome/66.0.3359.181 YaBrowser/18.6.1.770 Yowser/2.5 Safari/537.36"
172.19.132.11 - - [12/Apr/2021:08:31:11 +0700] "GET /index HTTP/1.1" 404 185 "-" "Mozilla/5.0 (Windows NT 6.1) AppleWebKit/537.36 (KHTML, like Gecko) Chrome/89.0.4389.114 Safari/537.36"
172.19.132.11 - - [12/Apr/2021:08:31:11 +0700] "GET /favicon.ico HTTP/1.1" 404 185 "http://mrgis02.mrsks.local/index" "Mozilla/5.0 (Windows NT 6.1) AppleWebKit/537.36 (KHTML, like Gecko) Chrome/89.0.4389.114 Safari/537.36"
127.0.0.1 - - [12/Apr/2021:08:31:35 +0700] "GET / HTTP/1.0" 200 11321 "-" "check_http/v2.2 (monitoring-plugins 2.2)"
10.26.60.119 - - [12/Apr/2021:08:32:06 +0700] "GET /map/favicon.ico HTTP/1.1" 404 185 "-" "Mozilla/5.0 (Windows NT 6.1) AppleWebKit/537.36 (KHTML, like Gecko) Chrome/66.0.3359.181 YaBrowser/18.6.1.770 Yowser/2.5 Safari/537.36"
127.0.0.1 - - [12/Apr/2021:08:32:35 +0700] "GET / HTTP/1.0" 200 11321 "-" "check_http/v2.2 (monitoring-plugins 2.2)"
